
Optional file vector_offset_init.o not found
Archive member included to satisfy reference by file (symbol)

c:/program files/microchip/xc32/v4.21/bin/bin/../../lib/gcc/pic32mx/8.3.1/../../../../pic32mx/lib/fpu64\libpic32.a(memcpy.o)
                              build/MZ1024_RELEASE/production/_ext/801483606/bootloader.o (memcpy)
c:/program files/microchip/xc32/v4.21/bin/bin/../../lib/gcc/pic32mx/8.3.1/../../../../pic32mx/lib/fpu64\libpic32.a(default-bootstrap-exception-handler.o)
                              C:\Users\dmchi\AppData\Local\Temp\ccFqeTfM.o (_bootstrap_exception_handler)
c:/program files/microchip/xc32/v4.21/bin/bin/../../lib/gcc/pic32mx/8.3.1/../../../../pic32mx/lib/fpu64\libpic32.a(default-on-reset.o)
                              C:\Users\dmchi\AppData\Local\Temp\ccFqeTfM.o (_on_reset)
c:/program files/microchip/xc32/v4.21/bin/bin/../../lib/gcc/pic32mx/8.3.1/../../../../pic32mx/lib/fpu64\libpic32.a(default-on-bootstrap.o)
                              C:\Users\dmchi\AppData\Local\Temp\ccFqeTfM.o (_on_bootstrap)
c:/program files/microchip/xc32/v4.21/bin/bin/../../lib/gcc/pic32mx/8.3.1/../../../../pic32mx/lib/fpu64\libpic32.a(default-nmi-handler.o)
                              C:\Users\dmchi\AppData\Local\Temp\ccFqeTfM.o (_nmi_handler)
c:/program files/microchip/xc32/v4.21/bin/bin/../../lib/gcc/pic32mx/8.3.1/../../../../pic32mx/lib/fpu64\libpic32.a(pic32_data_init_wrapper.o)
                              C:\Users\dmchi\AppData\Local\Temp\ccFqeTfM.o (__pic32_data_init)
c:/program files/microchip/xc32/v4.21/bin/bin/../../lib/gcc/pic32mx/8.3.1/../../../../pic32mx/lib/fpu64\libpic32.a(pic32_data_init_0_1.o)
                              (__copy_needed)
c:/program files/microchip/xc32/v4.21/bin/bin/../../lib/gcc/pic32mx/8.3.1/../../../../pic32mx/lib/fpu64\libpic32.a(pic32_init_cache.o)
                              C:\Users\dmchi\AppData\Local\Temp\ccFqeTfM.o (__pic32_init_cache)
c:/program files/microchip/xc32/v4.21/bin/bin/../../lib/gcc/pic32mx/8.3.1/../../../../pic32mx/lib/fpu64\libpic32.a(pic32_init_tlb_ebi_sqi.o)
                              C:\Users\dmchi\AppData\Local\Temp\ccFqeTfM.o (__pic32_tlb_init_ebi_sqi)
c:/program files/microchip/xc32/v4.21/bin/bin/../../lib/gcc/pic32mx/8.3.1/../../../../pic32mx/lib/fpu64\libpic32.a(general-exception.o)
                              C:\Users\dmchi\AppData\Local\Temp\ccFqeTfM.o (_general_exception_context)
c:/program files/microchip/xc32/v4.21/bin/bin/../../lib/gcc/pic32mx/8.3.1/../../../../pic32mx/lib/fpu64\libpic32.a(cache-err-exception.o)
                              C:\Users\dmchi\AppData\Local\Temp\ccFqeTfM.o (_cache_err_exception_context)
c:/program files/microchip/xc32/v4.21/bin/bin/../../lib/gcc/pic32mx/8.3.1/../../../../pic32mx/lib/fpu64\libpic32.a(simple-tlb-refill-exception.o)
                              C:\Users\dmchi\AppData\Local\Temp\ccFqeTfM.o (_simple_tlb_refill_exception_context)
c:/program files/microchip/xc32/v4.21/bin/bin/../../lib/gcc/pic32mx/8.3.1/../../../../pic32mx/lib/fpu64\libpic32.a(defaultinterrupt.o)
                              C:\Users\dmchi\AppData\Local\Temp\cc1Z2V3E.o (_DefaultInterrupt)
c:/program files/microchip/xc32/v4.21/bin/bin/../../lib/gcc/pic32mx/8.3.1/../../../../pic32mx/lib/fpu64\libpic32.a(default-general-exception-handler.o)
                              c:/program files/microchip/xc32/v4.21/bin/bin/../../lib/gcc/pic32mx/8.3.1/../../../../pic32mx/lib/fpu64\libpic32.a(general-exception.o) (_general_exception_handler)
c:/program files/microchip/xc32/v4.21/bin/bin/../../lib/gcc/pic32mx/8.3.1/../../../../pic32mx/lib/fpu64\libpic32.a(default-cache-err-exception-handler.o)
                              c:/program files/microchip/xc32/v4.21/bin/bin/../../lib/gcc/pic32mx/8.3.1/../../../../pic32mx/lib/fpu64\libpic32.a(cache-err-exception.o) (_cache_err_exception_handler)
c:/program files/microchip/xc32/v4.21/bin/bin/../../lib/gcc/pic32mx/8.3.1/../../../../pic32mx/lib/fpu64\libpic32.a(default-simple-tlb-refill-exception-handler.o)
                              c:/program files/microchip/xc32/v4.21/bin/bin/../../lib/gcc/pic32mx/8.3.1/../../../../pic32mx/lib/fpu64\libpic32.a(simple-tlb-refill-exception.o) (_simple_tlb_refill_exception_handler)
c:/program files/microchip/xc32/v4.21/bin/bin/../../lib/gcc/pic32mx/8.3.1/../../../../pic32mx/lib/fpu64\libc-musl.a(puts.o)
                              build/MZ1024_RELEASE/production/_ext/801483606/bootloader.o (puts)
c:/program files/microchip/xc32/v4.21/bin/bin/../../lib/gcc/pic32mx/8.3.1/../../../../pic32mx/lib/fpu64\libc-musl.a(fputs.o)
                              c:/program files/microchip/xc32/v4.21/bin/bin/../../lib/gcc/pic32mx/8.3.1/../../../../pic32mx/lib/fpu64\libc-musl.a(puts.o) (fputs)
c:/program files/microchip/xc32/v4.21/bin/bin/../../lib/gcc/pic32mx/8.3.1/../../../../pic32mx/lib/fpu64\libc-musl.a(fwrite.o)
[...]
Memory Configuration

Name             Origin             Length             Attributes
kseg1_boot_mem   0x00000000bfc00000 0x0000000000000480
sw_version       0x00000000bfc00490 0x0000000000000004
kseg0_program_mem 0x000000009fc01000 0x000000000000ef00 xr
kseg0_boot_mem   0x000000009fc004b0 0x0000000000000000
kseg1_boot_mem_4B0 0x00000000bfc004b0 0x0000000000000b50
config_BFC0FF40  0x00000000bfc0ff40 0x0000000000000004
config_BFC0FF44  0x00000000bfc0ff44 0x0000000000000004
config_BFC0FF48  0x00000000bfc0ff48 0x0000000000000004
config_BFC0FF4C  0x00000000bfc0ff4c 0x0000000000000004
config_BFC0FF50  0x00000000bfc0ff50 0x0000000000000004
config_BFC0FF54  0x00000000bfc0ff54 0x0000000000000004
config_BFC0FF58  0x00000000bfc0ff58 0x0000000000000004
config_BFC0FF5C  0x00000000bfc0ff5c 0x0000000000000004
config_BFC0FF60  0x00000000bfc0ff60 0x0000000000000004
config_BFC0FF64  0x00000000bfc0ff64 0x0000000000000004
config_BFC0FF68  0x00000000bfc0ff68 0x0000000000000004
config_BFC0FF6C  0x00000000bfc0ff6c 0x0000000000000004
config_BFC0FF70  0x00000000bfc0ff70 0x0000000000000004
config_BFC0FF74  0x00000000bfc0ff74 0x0000000000000004
config_BFC0FF78  0x00000000bfc0ff78 0x0000000000000004
config_BFC0FF7C  0x00000000bfc0ff7c 0x0000000000000004
config_BFC0FFC0  0x00000000bfc0ffc0 0x0000000000000004
config_BFC0FFC4  0x00000000bfc0ffc4 0x0000000000000004
config_BFC0FFC8  0x00000000bfc0ffc8 0x0000000000000004
config_BFC0FFCC  0x00000000bfc0ffcc 0x0000000000000004
config_BFC0FFD0  0x00000000bfc0ffd0 0x0000000000000004
config_BFC0FFD4  0x00000000bfc0ffd4 0x0000000000000004
config_BFC0FFD8  0x00000000bfc0ffd8 0x0000000000000004
config_BFC0FFDC  0x00000000bfc0ffdc 0x0000000000000004
config_BFC0FFE0  0x00000000bfc0ffe0 0x0000000000000004
config_BFC0FFE4  0x00000000bfc0ffe4 0x0000000000000004
config_BFC0FFE8  0x00000000bfc0ffe8 0x0000000000000004
config_BFC0FFEC  0x00000000bfc0ffec 0x0000000000000004
config_BFC0FFF0  0x00000000bfc0fff0 0x0000000000000004
config_BFC0FFF4  0x00000000bfc0fff4 0x0000000000000004
config_BFC0FFF8  0x00000000bfc0fff8 0x0000000000000004
config_BFC0FFFC  0x00000000bfc0fffc 0x0000000000000004
lowerbootaliaslastpage 0x00000000bfc10000 0x0000000000004000
upperbootalias   0x00000000bfc20000 0x0000000000014000
boot1            0x00000000bfc40000 0x000000000000ff00
config_BFC4FF40  0x00000000bfc4ff40 0x0000000000000004
config_BFC4FF44  0x00000000bfc4ff44 0x0000000000000004
config_BFC4FF48  0x00000000bfc4ff48 0x0000000000000004
config_BFC4FF4C  0x00000000bfc4ff4c 0x0000000000000004
config_BFC4FF50  0x00000000bfc4ff50 0x0000000000000004
config_BFC4FF54  0x00000000bfc4ff54 0x0000000000000004
config_BFC4FF58  0x00000000bfc4ff58 0x0000000000000004
config_BFC4FF5C  0x00000000bfc4ff5c 0x0000000000000004
config_BFC4FF60  0x00000000bfc4ff60 0x0000000000000004
config_BFC4FF64  0x00000000bfc4ff64 0x0000000000000004
config_BFC4FF68  0x00000000bfc4ff68 0x0000000000000004
config_BFC4FF6C  0x00000000bfc4ff6c 0x0000000000000004
config_BFC4FF70  0x00000000bfc4ff70 0x0000000000000004
config_BFC4FF74  0x00000000bfc4ff74 0x0000000000000004
config_BFC4FF78  0x00000000bfc4ff78 0x0000000000000004
config_BFC4FF7C  0x00000000bfc4ff7c 0x0000000000000004
config_BFC4FFC0  0x00000000bfc4ffc0 0x0000000000000004
config_BFC4FFC4  0x00000000bfc4ffc4 0x0000000000000004
config_BFC4FFC8  0x00000000bfc4ffc8 0x0000000000000004
config_BFC4FFCC  0x00000000bfc4ffcc 0x0000000000000004
config_BFC4FFD0  0x00000000bfc4ffd0 0x0000000000000004
config_BFC4FFD4  0x00000000bfc4ffd4 0x0000000000000004
config_BFC4FFD8  0x00000000bfc4ffd8 0x0000000000000004
config_BFC4FFDC  0x00000000bfc4ffdc 0x0000000000000004
config_BFC4FFE0  0x00000000bfc4ffe0 0x0000000000000004
config_BFC4FFE4  0x00000000bfc4ffe4 0x0000000000000004
config_BFC4FFE8  0x00000000bfc4ffe8 0x0000000000000004
config_BFC4FFEC  0x00000000bfc4ffec 0x0000000000000004
config_BFC4FFF0  0x00000000bfc4fff0 0x0000000000000004
config_BFC4FFF4  0x00000000bfc4fff4 0x0000000000000004
config_BFC4FFF8  0x00000000bfc4fff8 0x0000000000000004
config_BFC4FFFC  0x00000000bfc4fffc 0x0000000000000004
boot1lastpage    0x00000000bfc50000 0x0000000000004000
config_BFC54000  0x00000000bfc54000 0x0000000000000004
config_BFC54004  0x00000000bfc54004 0x0000000000000004
config_BFC54008  0x00000000bfc54008 0x0000000000000004
config_BFC5400C  0x00000000bfc5400c 0x0000000000000004
config_BFC54010  0x00000000bfc54010 0x0000000000000004
config_BFC54020  0x00000000bfc54020 0x0000000000000004
config_BFC54024  0x00000000bfc54024 0x0000000000000004
boot2            0x00000000bfc60000 0x000000000000ff00
config_BFC6FF40  0x00000000bfc6ff40 0x0000000000000004
config_BFC6FF44  0x00000000bfc6ff44 0x0000000000000004
config_BFC6FF48  0x00000000bfc6ff48 0x0000000000000004
config_BFC6FF4C  0x00000000bfc6ff4c 0x0000000000000004
config_BFC6FF50  0x00000000bfc6ff50 0x0000000000000004
config_BFC6FF54  0x00000000bfc6ff54 0x0000000000000004
config_BFC6FF58  0x00000000bfc6ff58 0x0000000000000004
config_BFC6FF5C  0x00000000bfc6ff5c 0x0000000000000004
config_BFC6FF60  0x00000000bfc6ff60 0x0000000000000004
config_BFC6FF64  0x00000000bfc6ff64 0x0000000000000004
config_BFC6FF68  0x00000000bfc6ff68 0x0000000000000004
config_BFC6FF6C  0x00000000bfc6ff6c 0x0000000000000004
config_BFC6FF70  0x00000000bfc6ff70 0x0000000000000004
config_BFC6FF74  0x00000000bfc6ff74 0x0000000000000004
config_BFC6FF78  0x00000000bfc6ff78 0x0000000000000004
config_BFC6FF7C  0x00000000bfc6ff7c 0x0000000000000004
config_BFC6FFC0  0x00000000bfc6ffc0 0x0000000000000004
config_BFC6FFC4  0x00000000bfc6ffc4 0x0000000000000004
config_BFC6FFC8  0x00000000bfc6ffc8 0x0000000000000004
config_BFC6FFCC  0x00000000bfc6ffcc 0x0000000000000004
config_BFC6FFD0  0x00000000bfc6ffd0 0x0000000000000004
config_BFC6FFD4  0x00000000bfc6ffd4 0x0000000000000004
config_BFC6FFD8  0x00000000bfc6ffd8 0x0000000000000004
config_BFC6FFDC  0x00000000bfc6ffdc 0x0000000000000004
config_BFC6FFE0  0x00000000bfc6ffe0 0x0000000000000004
config_BFC6FFE4  0x00000000bfc6ffe4 0x0000000000000004
config_BFC6FFE8  0x00000000bfc6ffe8 0x0000000000000004
config_BFC6FFEC  0x00000000bfc6ffec 0x0000000000000004
config_BFC6FFF0  0x00000000bfc6fff0 0x0000000000000004
config_BFC6FFF4  0x00000000bfc6fff4 0x0000000000000004
config_BFC6FFF8  0x00000000bfc6fff8 0x0000000000000004
config_BFC6FFFC  0x00000000bfc6fffc 0x0000000000000004
dev_config       0x00000000bfc20000 0x0000000000004000
configsfrs_BFC0FF40 0x00000000bfc0ff40 0x0000000000000040
configsfrs_BFC0FFC0 0x00000000bfc0ffc0 0x0000000000000040
configsfrs_BFC4FF40 0x00000000bfc4ff40 0x0000000000000040
configsfrs_BFC4FFC0 0x00000000bfc4ffc0 0x0000000000000040
configsfrs_BFC54000 0x00000000bfc54000 0x0000000000000014
configsfrs_BFC54020 0x00000000bfc54020 0x0000000000000008
configsfrs_BFC6FF40 0x00000000bfc6ff40 0x0000000000000040
configsfrs_BFC6FFC0 0x00000000bfc6ffc0 0x0000000000000040
kseg0_data_mem   0x0000000080000000 0x0000000000080000 w !x
sfrs             0x00000000bf800000 0x0000000000100000
kseg2_ebi_data_mem 0x00000000c0000000 0x0000000004000000
kseg2_sqi_data_mem 0x00000000d0000000 0x0000000004000000
kseg3_ebi_data_mem 0x00000000e0000000 0x0000000004000000
kseg3_sqi_data_mem 0x00000000f0000000 0x0000000004000000
*default*        0x0000000000000000 0xffffffffffffffff

Linker script and memory map

LOAD c:/program files/microchip/xc32/v4.21/bin/bin/../../lib/gcc/pic32mx/8.3.1/../../../../pic32mx/lib/fpu64\debug-exception-return.o
LOAD build/MZ1024_RELEASE/production/_ext/801483606/bootloader.o
LOAD build/MZ1024_RELEASE/production/_ext/801483606/flash_mem.o
LOAD build/MZ1024_RELEASE/production/_ext/1537666708/board.o
LOAD build/MZ1024_RELEASE/production/_ext/455916380/gpio.o
LOAD build/MZ1024_RELEASE/production/_ext/1255152928/nvm.o
LOAD build/MZ1024_RELEASE/production/_ext/401144697/systmr.o
LOAD build/MZ1024_RELEASE/production/_ext/1261517080/usart.o
LOAD build/MZ1024_RELEASE/production/_ext/1509298662/wdt.o
LOAD build/MZ1024_RELEASE/production/_ext/1727528777/device_config.o
LOAD build/MZ1024_RELEASE/production/_ext/700139821/debug.o
LOAD build/MZ1024_RELEASE/production/_ext/73441385/system.o
LOAD build/MZ1024_RELEASE/production/_ext/73441385/system_exceptions.o
LOAD build/MZ1024_RELEASE/production/_ext/73441385/system_init.o
LOAD build/MZ1024_RELEASE/production/_ext/73441385/system_time.o
LOAD build/MZ1024_RELEASE/production/_ext/1360937237/main.o
                0x0000000000000001                __MPLAB_BUILD = 0x1
START GROUP
LOAD vector_offset_init.o
END GROUP
                0x0000000000000001                PROVIDE (_vector_spacing = 0x1)
                0x000000009fc01000                PROVIDE (_ebase_address = 0x9fc01000)
                0x00000000bfc00380                _BEV_EXCPT_ADDR = 0xbfc00380
                0x00000000bfc00480                _DBG_EXCPT_ADDR = 0xbfc00480
                0x00000000bfc00000                _RESET_ADDR = 0xbfc00000
                0x000000009fc01000                _SIMPLE_TLB_REFILL_EXCPT_ADDR = (_ebase_address + 0x0)
                0x000000009fc01100                _CACHE_ERR_EXCPT_ADDR = (_ebase_address + 0x100)
                0x000000009fc01180                _GEN_EXCPT_ADDR = (_ebase_address + 0x180)

.sw_version     0x00000000bfc00490        0x4
 *(.sw_version)
 .sw_version    0x00000000bfc00490        0x4 build/MZ1024_RELEASE/production/_ext/801483606/bootloader.o
                0x00000000bfc00490                VERSION

.dev_config     0x00000000bfc20000       0x10
 *(.dev_config)
 .dev_config    0x00000000bfc20000       0x10 build/MZ1024_RELEASE/production/_ext/1727528777/device_config.o
                0x00000000bfc20000                DEFAULT_CONFIG

.config_BFC0FF40
 *(.config_BFC0FF40)

.config_BFC0FF44
 *(.config_BFC0FF44)

.config_BFC0FF48
 *(.config_BFC0FF48)

.config_BFC0FF4C
 *(.config_BFC0FF4C)

.config_BFC0FF50
 *(.config_BFC0FF50)

.config_BFC0FF54
 *(.config_BFC0FF54)

.config_BFC0FF58
 *(.config_BFC0FF58)

.config_BFC0FF5C
 *(.config_BFC0FF5C)

.config_BFC0FF60
 *(.config_BFC0FF60)

.config_BFC0FF64
 *(.config_BFC0FF64)

.config_BFC0FF68
 *(.config_BFC0FF68)

.config_BFC0FF6C
 *(.config_BFC0FF6C)

.config_BFC0FF70
 *(.config_BFC0FF70)

.config_BFC0FF74
 *(.config_BFC0FF74)

.config_BFC0FF78
 *(.config_BFC0FF78)

.config_BFC0FF7C
 *(.config_BFC0FF7C)

.config_BFC0FFC0
                0x00000000bfc0ffc0        0x4
 *(.config_BFC0FFC0)
 .config_BFC0FFC0
                0x00000000bfc0ffc0        0x4 build/MZ1024_RELEASE/production/_ext/1537666708/board.o
                0x00000000bfc0ffc0                __config_BFC0FFC0

.config_BFC0FFC4
                0x00000000bfc0ffc4        0x4
 *(.config_BFC0FFC4)
 .config_BFC0FFC4
                0x00000000bfc0ffc4        0x4 build/MZ1024_RELEASE/production/_ext/1537666708/board.o
                0x00000000bfc0ffc4                __config_BFC0FFC4

.config_BFC0FFC8
                0x00000000bfc0ffc8        0x4
 *(.config_BFC0FFC8)
 .config_BFC0FFC8
                0x00000000bfc0ffc8        0x4 build/MZ1024_RELEASE/production/_ext/1537666708/board.o
                0x00000000bfc0ffc8                __config_BFC0FFC8

.config_BFC0FFCC
                0x00000000bfc0ffcc        0x4
 *(.config_BFC0FFCC)
 .config_BFC0FFCC
                0x00000000bfc0ffcc        0x4 build/MZ1024_RELEASE/production/_ext/1537666708/board.o
                0x00000000bfc0ffcc                __config_BFC0FFCC

.config_BFC0FFD0
 *(.config_BFC0FFD0)

.config_BFC0FFD4
 *(.config_BFC0FFD4)

.config_BFC0FFD8
 *(.config_BFC0FFD8)

.config_BFC0FFDC
                0x00000000bfc0ffdc        0x4
 *(.config_BFC0FFDC)
 .config_BFC0FFDC
                0x00000000bfc0ffdc        0x4 build/MZ1024_RELEASE/production/_ext/1537666708/board.o
                0x00000000bfc0ffdc                __config_BFC0FFDC

.config_BFC0FFE0
 *(.config_BFC0FFE0)

.config_BFC0FFE4
 *(.config_BFC0FFE4)

.config_BFC0FFE8
 *(.config_BFC0FFE8)

.config_BFC0FFEC
 *(.config_BFC0FFEC)

.config_BFC0FFF0
                0x00000000bfc0fff0        0x4
 *(.config_BFC0FFF0)
 .config_BFC0FFF0
                0x00000000bfc0fff0        0x4 build/MZ1024_RELEASE/production/_ext/1537666708/board.o
                0x00000000bfc0fff0                __config_BFC0FFF0

.config_BFC0FFF4
 *(.config_BFC0FFF4)

.config_BFC0FFF8
 *(.config_BFC0FFF8)

.config_BFC0FFFC
 *(.config_BFC0FFFC)

.config_BFC4FF40
 *(.config_BFC4FF40)

.config_BFC4FF44
 *(.config_BFC4FF44)

.config_BFC4FF48
 *(.config_BFC4FF48)

.config_BFC4FF4C
 *(.config_BFC4FF4C)

.config_BFC4FF50
 *(.config_BFC4FF50)

.config_BFC4FF54
 *(.config_BFC4FF54)

.config_BFC4FF58
 *(.config_BFC4FF58)

.config_BFC4FF5C
 *(.config_BFC4FF5C)

.config_BFC4FF60
 *(.config_BFC4FF60)

.config_BFC4FF64
 *(.config_BFC4FF64)

.config_BFC4FF68
 *(.config_BFC4FF68)

.config_BFC4FF6C
 *(.config_BFC4FF6C)

.config_BFC4FF70
 *(.config_BFC4FF70)

.config_BFC4FF74
 *(.config_BFC4FF74)

.config_BFC4FF78
 *(.config_BFC4FF78)

.config_BFC4FF7C
 *(.config_BFC4FF7C)

.config_BFC4FFC0
 *(.config_BFC4FFC0)

.config_BFC4FFC4
 *(.config_BFC4FFC4)

.config_BFC4FFC8
 *(.config_BFC4FFC8)

.config_BFC4FFCC
 *(.config_BFC4FFCC)

.config_BFC4FFD0
 *(.config_BFC4FFD0)

.config_BFC4FFD4
 *(.config_BFC4FFD4)

.config_BFC4FFD8
 *(.config_BFC4FFD8)

.config_BFC4FFDC
 *(.config_BFC4FFDC)

.config_BFC4FFE0
 *(.config_BFC4FFE0)

.config_BFC4FFE4
 *(.config_BFC4FFE4)

.config_BFC4FFE8
 *(.config_BFC4FFE8)

.config_BFC4FFEC
 *(.config_BFC4FFEC)

.config_BFC4FFF0
 *(.config_BFC4FFF0)

.config_BFC4FFF4
 *(.config_BFC4FFF4)

.config_BFC4FFF8
 *(.config_BFC4FFF8)

.config_BFC4FFFC
 *(.config_BFC4FFFC)

.config_BFC54000
 *(.config_BFC54000)

.config_BFC54004
 *(.config_BFC54004)

.config_BFC54008
 *(.config_BFC54008)

.config_BFC5400C
 *(.config_BFC5400C)

.config_BFC54010
 *(.config_BFC54010)

.config_BFC54020
 *(.config_BFC54020)

.config_BFC54024
 *(.config_BFC54024)

.config_BFC6FF40
 *(.config_BFC6FF40)

.config_BFC6FF44
 *(.config_BFC6FF44)

.config_BFC6FF48
 *(.config_BFC6FF48)

.config_BFC6FF4C
 *(.config_BFC6FF4C)

.config_BFC6FF50
 *(.config_BFC6FF50)

.config_BFC6FF54
 *(.config_BFC6FF54)

.config_BFC6FF58
 *(.config_BFC6FF58)

.config_BFC6FF5C
 *(.config_BFC6FF5C)

.config_BFC6FF60
 *(.config_BFC6FF60)

.config_BFC6FF64
 *(.config_BFC6FF64)

.config_BFC6FF68
 *(.config_BFC6FF68)

.config_BFC6FF6C
 *(.config_BFC6FF6C)

.config_BFC6FF70
 *(.config_BFC6FF70)

.config_BFC6FF74
 *(.config_BFC6FF74)

.config_BFC6FF78
 *(.config_BFC6FF78)

.config_BFC6FF7C
 *(.config_BFC6FF7C)

.config_BFC6FFC0
 *(.config_BFC6FFC0)

.config_BFC6FFC4
 *(.config_BFC6FFC4)

.config_BFC6FFC8
 *(.config_BFC6FFC8)

.config_BFC6FFCC
 *(.config_BFC6FFCC)

.config_BFC6FFD0
 *(.config_BFC6FFD0)

.config_BFC6FFD4
 *(.config_BFC6FFD4)

.config_BFC6FFD8
 *(.config_BFC6FFD8)

.config_BFC6FFDC
 *(.config_BFC6FFDC)

.config_BFC6FFE0
 *(.config_BFC6FFE0)

.config_BFC6FFE4
 *(.config_BFC6FFE4)

.config_BFC6FFE8
 *(.config_BFC6FFE8)

.config_BFC6FFEC
 *(.config_BFC6FFEC)

.config_BFC6FFF0
 *(.config_BFC6FFF0)

.config_BFC6FFF4
 *(.config_BFC6FFF4)

.config_BFC6FFF8
 *(.config_BFC6FFF8)

.config_BFC6FFFC
 *(.config_BFC6FFFC)

.reset          0x00000000bfc00000      0x1c4
 *(.reset)
 .reset         0x00000000bfc00000       0x18 C:\Users\dmchi\AppData\Local\Temp\ccFqeTfM.o
                0x00000000bfc00000                _reset
 *(.reset.startup)
 .reset.startup
                0x00000000bfc00018      0x1ac C:\Users\dmchi\AppData\Local\Temp\ccFqeTfM.o
                0x00000000bfc00018                _startup

.bev_excpt      0x00000000bfc00380       0x10
 *(.bev_handler)
 .bev_handler   0x00000000bfc00380       0x10 C:\Users\dmchi\AppData\Local\Temp\ccFqeTfM.o

.cache_init     0x00000000bfc004b0      0x1c0
 *(.cache_init)
 *(.cache_init.*)
 .cache_init.cache
                0x00000000bfc004b0       0xc0 c:/program files/microchip/xc32/v4.21/bin/bin/../../lib/gcc/pic32mx/8.3.1/../../../../pic32mx/lib/fpu64\libpic32.a(pic32_init_cache.o)
 .cache_init.pic32_init_cache
                0x00000000bfc00570      0x100 c:/program files/microchip/xc32/v4.21/bin/bin/../../lib/gcc/pic32mx/8.3.1/../../../../pic32mx/lib/fpu64\libpic32.a(pic32_init_cache.o)
                0x00000000bfc00570                __pic32_init_cache

.simple_tlb_refill_excpt
                0x000000009fc01000       0x10
 *(.simple_tlb_refill_vector)
 .simple_tlb_refill_vector
                0x000000009fc01000       0x10 C:\Users\dmchi\AppData\Local\Temp\ccFqeTfM.o

.cache_err_excpt
                0x000000009fc01100       0x10
 *(.cache_err_vector)
 .cache_err_vector
                0x000000009fc01100       0x10 C:\Users\dmchi\AppData\Local\Temp\ccFqeTfM.o

.app_excpt      0x000000009fc01180       0x10
 *(.gen_handler)
 .gen_handler   0x000000009fc01180       0x10 C:\Users\dmchi\AppData\Local\Temp\ccFqeTfM.o

.vectors        0x000000009fc01200       0x48
                0x0000000000000200                __vector_offset_0 = DEFINED (__vector_dispatch_0)?(. - _ebase_address):__vector_offset_default
 *(.vector_0)
                0x0000000000000200                __vector_offset_1 = DEFINED (__vector_dispatch_1)?(. - _ebase_address):__vector_offset_default
 *(.vector_1)
                0x0000000000000200                __vector_offset_2 = DEFINED (__vector_dispatch_2)?(. - _ebase_address):__vector_offset_default
 *(.vector_2)
                0x0000000000000200                __vector_offset_3 = DEFINED (__vector_dispatch_3)?(. - _ebase_address):__vector_offset_default
 *(.vector_3)
                0x0000000000000200                __vector_offset_4 = DEFINED (__vector_dispatch_4)?(. - _ebase_address):__vector_offset_default
 *(.vector_4)
                0x0000000000000200                __vector_offset_5 = DEFINED (__vector_dispatch_5)?(. - _ebase_address):__vector_offset_default
 *(.vector_5)
                0x0000000000000200                __vector_offset_6 = DEFINED (__vector_dispatch_6)?(. - _ebase_address):__vector_offset_default
 *(.vector_6)
                0x0000000000000200                __vector_offset_7 = DEFINED (__vector_dispatch_7)?(. - _ebase_address):__vector_offset_default
 *(.vector_7)
                0x0000000000000200                __vector_offset_8 = DEFINED (__vector_dispatch_8)?(. - _ebase_address):__vector_offset_default
 *(.vector_8)
                0x0000000000000200                __vector_offset_9 = DEFINED (__vector_dispatch_9)?(. - _ebase_address):__vector_offset_default
 *(.vector_9)
                0x0000000000000200                __vector_offset_10 = DEFINED (__vector_dispatch_10)?(. - _ebase_address):__vector_offset_default
 *(.vector_10)
                0x0000000000000200                __vector_offset_11 = DEFINED (__vector_dispatch_11)?(. - _ebase_address):__vector_offset_default
 *(.vector_11)
                0x0000000000000200                __vector_offset_12 = DEFINED (__vector_dispatch_12)?(. - _ebase_address):__vector_offset_default
 *(.vector_12)
                0x0000000000000200                __vector_offset_13 = DEFINED (__vector_dispatch_13)?(. - _ebase_address):__vector_offset_default
 *(.vector_13)
                0x0000000000000200                __vector_offset_14 = DEFINED (__vector_dispatch_14)?(. - _ebase_address):__vector_offset_default
 *(.vector_14)
                0x0000000000000200                __vector_offset_15 = DEFINED (__vector_dispatch_15)?(. - _ebase_address):__vector_offset_default
 *(.vector_15)
                0x0000000000000200                __vector_offset_16 = DEFINED (__vector_dispatch_16)?(. - _ebase_address):__vector_offset_default
 *(.vector_16)
                0x0000000000000200                __vector_offset_17 = DEFINED (__vector_dispatch_17)?(. - _ebase_address):__vector_offset_default
 *(.vector_17)
                0x0000000000000200                __vector_offset_18 = DEFINED (__vector_dispatch_18)?(. - _ebase_address):__vector_offset_default
 *(.vector_18)
                0x0000000000000200                __vector_offset_19 = DEFINED (__vector_dispatch_19)?(. - _ebase_address):__vector_offset_default
 *(.vector_19)
                0x0000000000000200                __vector_offset_20 = DEFINED (__vector_dispatch_20)?(. - _ebase_address):__vector_offset_default
 *(.vector_20)
                0x0000000000000200                __vector_offset_21 = DEFINED (__vector_dispatch_21)?(. - _ebase_address):__vector_offset_default
 *(.vector_21)
                0x0000000000000200                __vector_offset_22 = DEFINED (__vector_dispatch_22)?(. - _ebase_address):__vector_offset_default
 *(.vector_22)
                0x0000000000000200                __vector_offset_23 = DEFINED (__vector_dispatch_23)?(. - _ebase_address):__vector_offset_default
 *(.vector_23)
                0x0000000000000200                __vector_offset_24 = DEFINED (__vector_dispatch_24)?(. - _ebase_address):__vector_offset_default
 *(.vector_24)
                0x0000000000000200                __vector_offset_25 = DEFINED (__vector_dispatch_25)?(. - _ebase_address):__vector_offset_default
 *(.vector_25)
                0x0000000000000200                __vector_offset_26 = DEFINED (__vector_dispatch_26)?(. - _ebase_address):__vector_offset_default
 *(.vector_26)
                0x0000000000000200                __vector_offset_27 = DEFINED (__vector_dispatch_27)?(. - _ebase_address):__vector_offset_default
 *(.vector_27)
                0x0000000000000200                __vector_offset_28 = DEFINED (__vector_dispatch_28)?(. - _ebase_address):__vector_offset_default
 *(.vector_28)
                0x0000000000000200                __vector_offset_29 = DEFINED (__vector_dispatch_29)?(. - _ebase_address):__vector_offset_default
 *(.vector_29)
                0x0000000000000200                __vector_offset_30 = DEFINED (__vector_dispatch_30)?(. - _ebase_address):__vector_offset_default
 *(.vector_30)
                0x0000000000000200                __vector_offset_31 = DEFINED (__vector_dispatch_31)?(. - _ebase_address):__vector_offset_default
 *(.vector_31)
                0x0000000000000200                __vector_offset_32 = DEFINED (__vector_dispatch_32)?(. - _ebase_address):__vector_offset_default
 *(.vector_32)
                0x0000000000000200                __vector_offset_33 = DEFINED (__vector_dispatch_33)?(. - _ebase_address):__vector_offset_default
 *(.vector_33)
                0x0000000000000200                __vector_offset_34 = DEFINED (__vector_dispatch_34)?(. - _ebase_address):__vector_offset_default
 *(.vector_34)
                0x0000000000000200                __vector_offset_35 = DEFINED (__vector_dispatch_35)?(. - _ebase_address):__vector_offset_default
 *(.vector_35)
                0x0000000000000200                __vector_offset_36 = DEFINED (__vector_dispatch_36)?(. - _ebase_address):__vector_offset_default
 *(.vector_36)
                0x0000000000000200                __vector_offset_37 = DEFINED (__vector_dispatch_37)?(. - _ebase_address):__vector_offset_default
 *(.vector_37)
                0x0000000000000200                __vector_offset_38 = DEFINED (__vector_dispatch_38)?(. - _ebase_address):__vector_offset_default
 *(.vector_38)
                0x0000000000000200                __vector_offset_39 = DEFINED (__vector_dispatch_39)?(. - _ebase_address):__vector_offset_default
 *(.vector_39)
                0x0000000000000200                __vector_offset_40 = DEFINED (__vector_dispatch_40)?(. - _ebase_address):__vector_offset_default
 *(.vector_40)
                0x0000000000000200                __vector_offset_41 = DEFINED (__vector_dispatch_41)?(. - _ebase_address):__vector_offset_default
 *(.vector_41)
                0x0000000000000200                __vector_offset_42 = DEFINED (__vector_dispatch_42)?(. - _ebase_address):__vector_offset_default
 *(.vector_42)
                0x0000000000000200                __vector_offset_43 = DEFINED (__vector_dispatch_43)?(. - _ebase_address):__vector_offset_default
 *(.vector_43)
                0x0000000000000200                __vector_offset_44 = DEFINED (__vector_dispatch_44)?(. - _ebase_address):__vector_offset_default
 *(.vector_44)
                0x0000000000000200                __vector_offset_45 = DEFINED (__vector_dispatch_45)?(. - _ebase_address):__vector_offset_default
 *(.vector_45)
                0x0000000000000200                __vector_offset_46 = DEFINED (__vector_dispatch_46)?(. - _ebase_address):__vector_offset_default
 *(.vector_46)
                0x0000000000000200                __vector_offset_47 = DEFINED (__vector_dispatch_47)?(. - _ebase_address):__vector_offset_default
 *(.vector_47)
                0x0000000000000200                __vector_offset_48 = DEFINED (__vector_dispatch_48)?(. - _ebase_address):__vector_offset_default
 *(.vector_48)
                0x0000000000000200                __vector_offset_49 = DEFINED (__vector_dispatch_49)?(. - _ebase_address):__vector_offset_default
 *(.vector_49)
                0x0000000000000200                __vector_offset_50 = DEFINED (__vector_dispatch_50)?(. - _ebase_address):__vector_offset_default
 *(.vector_50)
                0x0000000000000200                __vector_offset_51 = DEFINED (__vector_dispatch_51)?(. - _ebase_address):__vector_offset_default
 *(.vector_51)
                0x0000000000000200                __vector_offset_52 = DEFINED (__vector_dispatch_52)?(. - _ebase_address):__vector_offset_default
 *(.vector_52)
                0x0000000000000200                __vector_offset_53 = DEFINED (__vector_dispatch_53)?(. - _ebase_address):__vector_offset_default
 *(.vector_53)
                0x0000000000000200                __vector_offset_54 = DEFINED (__vector_dispatch_54)?(. - _ebase_address):__vector_offset_default
 *(.vector_54)
                0x0000000000000200                __vector_offset_55 = DEFINED (__vector_dispatch_55)?(. - _ebase_address):__vector_offset_default
 *(.vector_55)
                0x0000000000000200                __vector_offset_56 = DEFINED (__vector_dispatch_56)?(. - _ebase_address):__vector_offset_default
 *(.vector_56)
                0x0000000000000200                __vector_offset_57 = DEFINED (__vector_dispatch_57)?(. - _ebase_address):__vector_offset_default
 *(.vector_57)
                0x0000000000000200                __vector_offset_58 = DEFINED (__vector_dispatch_58)?(. - _ebase_address):__vector_offset_default
 *(.vector_58)
                0x0000000000000200                __vector_offset_59 = DEFINED (__vector_dispatch_59)?(. - _ebase_address):__vector_offset_default
 *(.vector_59)
                0x0000000000000200                __vector_offset_60 = DEFINED (__vector_dispatch_60)?(. - _ebase_address):__vector_offset_default
 *(.vector_60)
                0x0000000000000200                __vector_offset_61 = DEFINED (__vector_dispatch_61)?(. - _ebase_address):__vector_offset_default
 *(.vector_61)
                0x0000000000000200                __vector_offset_62 = DEFINED (__vector_dispatch_62)?(. - _ebase_address):__vector_offset_default
 *(.vector_62)
                0x0000000000000200                __vector_offset_63 = DEFINED (__vector_dispatch_63)?(. - _ebase_address):__vector_offset_default
 *(.vector_63)
                0x0000000000000200                __vector_offset_64 = DEFINED (__vector_dispatch_64)?(. - _ebase_address):__vector_offset_default
 *(.vector_64)
                0x0000000000000200                __vector_offset_65 = DEFINED (__vector_dispatch_65)?(. - _ebase_address):__vector_offset_default
 *(.vector_65)
                0x0000000000000200                __vector_offset_66 = DEFINED (__vector_dispatch_66)?(. - _ebase_address):__vector_offset_default
 *(.vector_66)
                0x0000000000000200                __vector_offset_67 = DEFINED (__vector_dispatch_67)?(. - _ebase_address):__vector_offset_default
 *(.vector_67)
                0x0000000000000200                __vector_offset_68 = DEFINED (__vector_dispatch_68)?(. - _ebase_address):__vector_offset_default
 *(.vector_68)
                0x0000000000000200                __vector_offset_69 = DEFINED (__vector_dispatch_69)?(. - _ebase_address):__vector_offset_default
 *(.vector_69)
                0x0000000000000200                __vector_offset_70 = DEFINED (__vector_dispatch_70)?(. - _ebase_address):__vector_offset_default
 *(.vector_70)
                0x0000000000000200                __vector_offset_71 = DEFINED (__vector_dispatch_71)?(. - _ebase_address):__vector_offset_default
 *(.vector_71)
                0x0000000000000200                __vector_offset_72 = DEFINED (__vector_dispatch_72)?(. - _ebase_address):__vector_offset_default
 *(.vector_72)
                0x0000000000000200                __vector_offset_73 = DEFINED (__vector_dispatch_73)?(. - _ebase_address):__vector_offset_default
 *(.vector_73)
                0x0000000000000200                __vector_offset_74 = DEFINED (__vector_dispatch_74)?(. - _ebase_address):__vector_offset_default
 *(.vector_74)
                0x0000000000000200                __vector_offset_75 = DEFINED (__vector_dispatch_75)?(. - _ebase_address):__vector_offset_default
 *(.vector_75)
                0x0000000000000200                __vector_offset_76 = DEFINED (__vector_dispatch_76)?(. - _ebase_address):__vector_offset_default
 *(.vector_76)
                0x0000000000000200                __vector_offset_77 = DEFINED (__vector_dispatch_77)?(. - _ebase_address):__vector_offset_default
 *(.vector_77)
                0x0000000000000200                __vector_offset_78 = DEFINED (__vector_dispatch_78)?(. - _ebase_address):__vector_offset_default
 *(.vector_78)
                0x0000000000000200                __vector_offset_79 = DEFINED (__vector_dispatch_79)?(. - _ebase_address):__vector_offset_default
 *(.vector_79)
                0x0000000000000200                __vector_offset_80 = DEFINED (__vector_dispatch_80)?(. - _ebase_address):__vector_offset_default
 *(.vector_80)
                0x0000000000000200                __vector_offset_81 = DEFINED (__vector_dispatch_81)?(. - _ebase_address):__vector_offset_default
 *(.vector_81)
                0x0000000000000200                __vector_offset_82 = DEFINED (__vector_dispatch_82)?(. - _ebase_address):__vector_offset_default
 *(.vector_82)
                0x0000000000000200                __vector_offset_83 = DEFINED (__vector_dispatch_83)?(. - _ebase_address):__vector_offset_default
 *(.vector_83)
                0x0000000000000200                __vector_offset_84 = DEFINED (__vector_dispatch_84)?(. - _ebase_address):__vector_offset_default
 *(.vector_84)
                0x0000000000000200                __vector_offset_85 = DEFINED (__vector_dispatch_85)?(. - _ebase_address):__vector_offset_default
 *(.vector_85)
                0x0000000000000200                __vector_offset_86 = DEFINED (__vector_dispatch_86)?(. - _ebase_address):__vector_offset_default
 *(.vector_86)
                0x0000000000000200                __vector_offset_87 = DEFINED (__vector_dispatch_87)?(. - _ebase_address):__vector_offset_default
 *(.vector_87)
                0x0000000000000200                __vector_offset_88 = DEFINED (__vector_dispatch_88)?(. - _ebase_address):__vector_offset_default
 *(.vector_88)
                0x0000000000000200                __vector_offset_89 = DEFINED (__vector_dispatch_89)?(. - _ebase_address):__vector_offset_default
 *(.vector_89)
                0x0000000000000200                __vector_offset_90 = DEFINED (__vector_dispatch_90)?(. - _ebase_address):__vector_offset_default
 *(.vector_90)
                0x0000000000000200                __vector_offset_91 = DEFINED (__vector_dispatch_91)?(. - _ebase_address):__vector_offset_default
 *(.vector_91)
                0x0000000000000200                __vector_offset_92 = DEFINED (__vector_dispatch_92)?(. - _ebase_address):__vector_offset_default
 *(.vector_92)
                0x0000000000000200                __vector_offset_93 = DEFINED (__vector_dispatch_93)?(. - _ebase_address):__vector_offset_default
 *(.vector_93)
                0x0000000000000200                __vector_offset_94 = DEFINED (__vector_dispatch_94)?(. - _ebase_address):__vector_offset_default
 *(.vector_94)
                0x0000000000000200                __vector_offset_95 = DEFINED (__vector_dispatch_95)?(. - _ebase_address):__vector_offset_default
 *(.vector_95)
                0x0000000000000200                __vector_offset_96 = DEFINED (__vector_dispatch_96)?(. - _ebase_address):__vector_offset_default
 *(.vector_96)
                0x0000000000000200                __vector_offset_97 = DEFINED (__vector_dispatch_97)?(. - _ebase_address):__vector_offset_default
 *(.vector_97)
                0x0000000000000200                __vector_offset_98 = DEFINED (__vector_dispatch_98)?(. - _ebase_address):__vector_offset_default
 *(.vector_98)
                0x0000000000000200                __vector_offset_99 = DEFINED (__vector_dispatch_99)?(. - _ebase_address):__vector_offset_default
 *(.vector_99)
                0x0000000000000200                __vector_offset_100 = DEFINED (__vector_dispatch_100)?(. - _ebase_address):__vector_offset_default
 *(.vector_100)
                0x0000000000000200                __vector_offset_101 = DEFINED (__vector_dispatch_101)?(. - _ebase_address):__vector_offset_default
 *(.vector_101)
                0x0000000000000200                __vector_offset_102 = DEFINED (__vector_dispatch_102)?(. - _ebase_address):__vector_offset_default
 *(.vector_102)
                0x0000000000000200                __vector_offset_103 = DEFINED (__vector_dispatch_103)?(. - _ebase_address):__vector_offset_default
 *(.vector_103)
                0x0000000000000200                __vector_offset_104 = DEFINED (__vector_dispatch_104)?(. - _ebase_address):__vector_offset_default
 *(.vector_104)
                0x0000000000000200                __vector_offset_105 = DEFINED (__vector_dispatch_105)?(. - _ebase_address):__vector_offset_default
 *(.vector_105)
                0x0000000000000200                __vector_offset_106 = DEFINED (__vector_dispatch_106)?(. - _ebase_address):__vector_offset_default
 *(.vector_106)
                0x0000000000000200                __vector_offset_107 = DEFINED (__vector_dispatch_107)?(. - _ebase_address):__vector_offset_default
 *(.vector_107)
                0x0000000000000200                __vector_offset_108 = DEFINED (__vector_dispatch_108)?(. - _ebase_address):__vector_offset_default
 *(.vector_108)
                0x0000000000000200                __vector_offset_109 = DEFINED (__vector_dispatch_109)?(. - _ebase_address):__vector_offset_default
 *(.vector_109)
                0x0000000000000200                __vector_offset_110 = DEFINED (__vector_dispatch_110)?(. - _ebase_address):__vector_offset_default
 *(.vector_110)
                0x0000000000000200                __vector_offset_111 = DEFINED (__vector_dispatch_111)?(. - _ebase_address):__vector_offset_default
 *(.vector_111)
                0x0000000000000200                __vector_offset_112 = DEFINED (__vector_dispatch_112)?(. - _ebase_address):__vector_offset_default
 *(.vector_112)
                0x0000000000000200                __vector_offset_113 = DEFINED (__vector_dispatch_113)?(. - _ebase_address):__vector_offset_default
 *(.vector_113)
                0x0000000000000200                __vector_offset_114 = DEFINED (__vector_dispatch_114)?(. - _ebase_address):__vector_offset_default
 *(.vector_114)
                0x0000000000000200                __vector_offset_115 = DEFINED (__vector_dispatch_115)?(. - _ebase_address):__vector_offset_default
 *(.vector_115)
                0x0000000000000200                __vector_offset_116 = DEFINED (__vector_dispatch_116)?(. - _ebase_address):__vector_offset_default
 *(.vector_116)
                0x0000000000000200                __vector_offset_117 = DEFINED (__vector_dispatch_117)?(. - _ebase_address):__vector_offset_default
 *(.vector_117)
                0x0000000000000200                __vector_offset_118 = DEFINED (__vector_dispatch_118)?(. - _ebase_address):__vector_offset_default
 *(.vector_118)
                0x0000000000000200                __vector_offset_119 = DEFINED (__vector_dispatch_119)?(. - _ebase_address):__vector_offset_default
 *(.vector_119)
                0x0000000000000200                __vector_offset_120 = DEFINED (__vector_dispatch_120)?(. - _ebase_address):__vector_offset_default
 *(.vector_120)
                0x0000000000000200                __vector_offset_121 = DEFINED (__vector_dispatch_121)?(. - _ebase_address):__vector_offset_default
 *(.vector_121)
                0x0000000000000200                __vector_offset_122 = DEFINED (__vector_dispatch_122)?(. - _ebase_address):__vector_offset_default
 *(.vector_122)
                0x0000000000000200                __vector_offset_123 = DEFINED (__vector_dispatch_123)?(. - _ebase_address):__vector_offset_default
 *(.vector_123)
                0x0000000000000200                __vector_offset_124 = DEFINED (__vector_dispatch_124)?(. - _ebase_address):__vector_offset_default
 *(.vector_124)
                0x0000000000000200                __vector_offset_125 = DEFINED (__vector_dispatch_125)?(. - _ebase_address):__vector_offset_default
 *(.vector_125)
                0x0000000000000200                __vector_offset_126 = DEFINED (__vector_dispatch_126)?(. - _ebase_address):__vector_offset_default
 *(.vector_126)
                0x0000000000000200                __vector_offset_127 = DEFINED (__vector_dispatch_127)?(. - _ebase_address):__vector_offset_default
 *(.vector_127)
                0x0000000000000200                __vector_offset_128 = DEFINED (__vector_dispatch_128)?(. - _ebase_address):__vector_offset_default
 *(.vector_128)
                0x0000000000000200                __vector_offset_129 = DEFINED (__vector_dispatch_129)?(. - _ebase_address):__vector_offset_default
 *(.vector_129)
                0x0000000000000200                __vector_offset_130 = DEFINED (__vector_dispatch_130)?(. - _ebase_address):__vector_offset_default
 *(.vector_130)
                0x0000000000000200                __vector_offset_131 = DEFINED (__vector_dispatch_131)?(. - _ebase_address):__vector_offset_default
 *(.vector_131)
                0x0000000000000200                __vector_offset_132 = DEFINED (__vector_dispatch_132)?(. - _ebase_address):__vector_offset_default
 *(.vector_132)
                0x0000000000000200                __vector_offset_133 = DEFINED (__vector_dispatch_133)?(. - _ebase_address):__vector_offset_default
 *(.vector_133)
                0x0000000000000200                __vector_offset_134 = DEFINED (__vector_dispatch_134)?(. - _ebase_address):__vector_offset_default
 *(.vector_134)
                0x0000000000000200                __vector_offset_135 = DEFINED (__vector_dispatch_135)?(. - _ebase_address):__vector_offset_default
 *(.vector_135)
                0x0000000000000200                __vector_offset_136 = DEFINED (__vector_dispatch_136)?(. - _ebase_address):__vector_offset_default
 *(.vector_136)
                0x0000000000000200                __vector_offset_137 = DEFINED (__vector_dispatch_137)?(. - _ebase_address):__vector_offset_default
 *(.vector_137)
                0x0000000000000200                __vector_offset_138 = DEFINED (__vector_dispatch_138)?(. - _ebase_address):__vector_offset_default
 *(.vector_138)
                0x0000000000000200                __vector_offset_139 = DEFINED (__vector_dispatch_139)?(. - _ebase_address):__vector_offset_default
 *(.vector_139)
                0x0000000000000200                __vector_offset_140 = DEFINED (__vector_dispatch_140)?(. - _ebase_address):__vector_offset_default
 *(.vector_140)
                0x0000000000000200                __vector_offset_141 = DEFINED (__vector_dispatch_141)?(. - _ebase_address):__vector_offset_default
 *(.vector_141)
                0x0000000000000200                __vector_offset_142 = DEFINED (__vector_dispatch_142)?(. - _ebase_address):__vector_offset_default
 *(.vector_142)
                0x0000000000000200                __vector_offset_143 = DEFINED (__vector_dispatch_143)?(. - _ebase_address):__vector_offset_default
 *(.vector_143)
                0x0000000000000200                __vector_offset_144 = DEFINED (__vector_dispatch_144)?(. - _ebase_address):__vector_offset_default
 *(.vector_144)
                0x0000000000000200                __vector_offset_145 = DEFINED (__vector_dispatch_145)?(. - _ebase_address):__vector_offset_default
 *(.vector_145)
                0x0000000000000200                __vector_offset_146 = DEFINED (__vector_dispatch_146)?(. - _ebase_address):__vector_offset_default
 *(.vector_146)
                0x0000000000000200                __vector_offset_147 = DEFINED (__vector_dispatch_147)?(. - _ebase_address):__vector_offset_default
 *(.vector_147)
                0x0000000000000200                __vector_offset_148 = DEFINED (__vector_dispatch_148)?(. - _ebase_address):__vector_offset_default
 *(.vector_148)
                0x0000000000000200                __vector_offset_149 = DEFINED (__vector_dispatch_149)?(. - _ebase_address):__vector_offset_default
 *(.vector_149)
                0x0000000000000200                __vector_offset_150 = DEFINED (__vector_dispatch_150)?(. - _ebase_address):__vector_offset_default
 *(.vector_150)
                0x0000000000000200                __vector_offset_151 = DEFINED (__vector_dispatch_151)?(. - _ebase_address):__vector_offset_default
 *(.vector_151)
                0x0000000000000200                __vector_offset_152 = DEFINED (__vector_dispatch_152)?(. - _ebase_address):__vector_offset_default
 *(.vector_152)
                0x0000000000000200                __vector_offset_153 = DEFINED (__vector_dispatch_153)?(. - _ebase_address):__vector_offset_default
 *(.vector_153)
                0x0000000000000200                __vector_offset_154 = DEFINED (__vector_dispatch_154)?(. - _ebase_address):__vector_offset_default
 *(.vector_154)
                0x0000000000000200                __vector_offset_155 = DEFINED (__vector_dispatch_155)?(. - _ebase_address):__vector_offset_default
 *(.vector_155)
                0x0000000000000200                __vector_offset_156 = DEFINED (__vector_dispatch_156)?(. - _ebase_address):__vector_offset_default
 *(.vector_156)
                0x0000000000000200                __vector_offset_157 = DEFINED (__vector_dispatch_157)?(. - _ebase_address):__vector_offset_default
 *(.vector_157)
                0x0000000000000200                __vector_offset_158 = DEFINED (__vector_dispatch_158)?(. - _ebase_address):__vector_offset_default
 *(.vector_158)
                0x0000000000000200                __vector_offset_159 = DEFINED (__vector_dispatch_159)?(. - _ebase_address):__vector_offset_default
 *(.vector_159)
                0x0000000000000200                __vector_offset_160 = DEFINED (__vector_dispatch_160)?(. - _ebase_address):__vector_offset_default
 *(.vector_160)
                0x0000000000000200                __vector_offset_161 = DEFINED (__vector_dispatch_161)?(. - _ebase_address):__vector_offset_default
 *(.vector_161)
                0x0000000000000200                __vector_offset_162 = DEFINED (__vector_dispatch_162)?(. - _ebase_address):__vector_offset_default
 *(.vector_162)
                0x0000000000000200                __vector_offset_163 = DEFINED (__vector_dispatch_163)?(. - _ebase_address):__vector_offset_default
 *(.vector_163)
                0x0000000000000200                __vector_offset_164 = DEFINED (__vector_dispatch_164)?(. - _ebase_address):__vector_offset_default
 *(.vector_164)
                0x0000000000000200                __vector_offset_165 = DEFINED (__vector_dispatch_165)?(. - _ebase_address):__vector_offset_default
 *(.vector_165)
                0x0000000000000200                __vector_offset_166 = DEFINED (__vector_dispatch_166)?(. - _ebase_address):__vector_offset_default
 *(.vector_166)
                0x0000000000000200                __vector_offset_167 = DEFINED (__vector_dispatch_167)?(. - _ebase_address):__vector_offset_default
 *(.vector_167)
                0x0000000000000200                __vector_offset_168 = DEFINED (__vector_dispatch_168)?(. - _ebase_address):__vector_offset_default
 *(.vector_168)
                0x0000000000000200                __vector_offset_169 = DEFINED (__vector_dispatch_169)?(. - _ebase_address):__vector_offset_default
 *(.vector_169)
                0x0000000000000200                __vector_offset_170 = DEFINED (__vector_dispatch_170)?(. - _ebase_address):__vector_offset_default
 *(.vector_170)
                0x0000000000000200                __vector_offset_171 = DEFINED (__vector_dispatch_171)?(. - _ebase_address):__vector_offset_default
 *(.vector_171)
                0x0000000000000200                __vector_offset_172 = DEFINED (__vector_dispatch_172)?(. - _ebase_address):__vector_offset_default
 *(.vector_172)
                0x0000000000000200                __vector_offset_173 = DEFINED (__vector_dispatch_173)?(. - _ebase_address):__vector_offset_default
 *(.vector_173)
                0x0000000000000200                __vector_offset_174 = DEFINED (__vector_dispatch_174)?(. - _ebase_address):__vector_offset_default
 *(.vector_174)
                0x0000000000000200                __vector_offset_175 = DEFINED (__vector_dispatch_175)?(. - _ebase_address):__vector_offset_default
 *(.vector_175)
                0x0000000000000200                __vector_offset_176 = DEFINED (__vector_dispatch_176)?(. - _ebase_address):__vector_offset_default
 *(.vector_176)
                0x0000000000000200                __vector_offset_177 = DEFINED (__vector_dispatch_177)?(. - _ebase_address):__vector_offset_default
 *(.vector_177)
                0x0000000000000200                __vector_offset_178 = DEFINED (__vector_dispatch_178)?(. - _ebase_address):__vector_offset_default
 *(.vector_178)
                0x0000000000000200                __vector_offset_179 = DEFINED (__vector_dispatch_179)?(. - _ebase_address):__vector_offset_default
 *(.vector_179)
                0x0000000000000200                __vector_offset_180 = DEFINED (__vector_dispatch_180)?(. - _ebase_address):__vector_offset_default
 *(.vector_180)
                0x0000000000000200                __vector_offset_181 = DEFINED (__vector_dispatch_181)?(. - _ebase_address):__vector_offset_default
 *(.vector_181)
                0x0000000000000200                __vector_offset_182 = DEFINED (__vector_dispatch_182)?(. - _ebase_address):__vector_offset_default
 *(.vector_182)
                0x0000000000000200                __vector_offset_183 = DEFINED (__vector_dispatch_183)?(. - _ebase_address):__vector_offset_default
 *(.vector_183)
                0x0000000000000200                __vector_offset_184 = DEFINED (__vector_dispatch_184)?(. - _ebase_address):__vector_offset_default
 *(.vector_184)
                0x0000000000000200                __vector_offset_185 = DEFINED (__vector_dispatch_185)?(. - _ebase_address):__vector_offset_default
 *(.vector_185)
                0x0000000000000200                __vector_offset_186 = DEFINED (__vector_dispatch_186)?(. - _ebase_address):__vector_offset_default
 *(.vector_186)
                0x0000000000000200                __vector_offset_187 = DEFINED (__vector_dispatch_187)?(. - _ebase_address):__vector_offset_default
 *(.vector_187)
                0x0000000000000200                __vector_offset_188 = DEFINED (__vector_dispatch_188)?(. - _ebase_address):__vector_offset_default
 *(.vector_188)
                0x0000000000000200                __vector_offset_189 = DEFINED (__vector_dispatch_189)?(. - _ebase_address):__vector_offset_default
 *(.vector_189)
                0x0000000000000200                __vector_offset_190 = DEFINED (__vector_dispatch_190)?(. - _ebase_address):__vector_offset_default
 *(.vector_190)
                0x0000000000000200                __vector_offset_191 = DEFINED (__vector_dispatch_191)?(. - _ebase_address):__vector_offset_default
 *(.vector_191)
                0x0000000000000200                __vector_offset_192 = DEFINED (__vector_dispatch_192)?(. - _ebase_address):__vector_offset_default
 *(.vector_192)
                0x0000000000000200                __vector_offset_193 = DEFINED (__vector_dispatch_193)?(. - _ebase_address):__vector_offset_default
 *(.vector_193)
                0x0000000000000200                __vector_offset_194 = DEFINED (__vector_dispatch_194)?(. - _ebase_address):__vector_offset_default
 *(.vector_194)
                0x0000000000000200                __vector_offset_195 = DEFINED (__vector_dispatch_195)?(. - _ebase_address):__vector_offset_default
 *(.vector_195)
                0x0000000000000200                __vector_offset_196 = DEFINED (__vector_dispatch_196)?(. - _ebase_address):__vector_offset_default
 *(.vector_196)
                0x0000000000000200                __vector_offset_197 = DEFINED (__vector_dispatch_197)?(. - _ebase_address):__vector_offset_default
 *(.vector_197)
                0x0000000000000200                __vector_offset_198 = DEFINED (__vector_dispatch_198)?(. - _ebase_address):__vector_offset_default
 *(.vector_198)
                0x0000000000000200                __vector_offset_199 = DEFINED (__vector_dispatch_199)?(. - _ebase_address):__vector_offset_default
 *(.vector_199)
                0x0000000000000200                __vector_offset_200 = DEFINED (__vector_dispatch_200)?(. - _ebase_address):__vector_offset_default
 *(.vector_200)
                0x0000000000000200                __vector_offset_201 = DEFINED (__vector_dispatch_201)?(. - _ebase_address):__vector_offset_default
 *(.vector_201)
                0x0000000000000200                __vector_offset_202 = DEFINED (__vector_dispatch_202)?(. - _ebase_address):__vector_offset_default
 *(.vector_202)
                0x0000000000000200                __vector_offset_203 = DEFINED (__vector_dispatch_203)?(. - _ebase_address):__vector_offset_default
 *(.vector_203)
                0x0000000000000200                __vector_offset_204 = DEFINED (__vector_dispatch_204)?(. - _ebase_address):__vector_offset_default
 *(.vector_204)
                0x0000000000000200                __vector_offset_205 = DEFINED (__vector_dispatch_205)?(. - _ebase_address):__vector_offset_default
 *(.vector_205)
                0x0000000000000200                __vector_offset_206 = DEFINED (__vector_dispatch_206)?(. - _ebase_address):__vector_offset_default
 *(.vector_206)
                0x0000000000000200                __vector_offset_207 = DEFINED (__vector_dispatch_207)?(. - _ebase_address):__vector_offset_default
 *(.vector_207)
                0x0000000000000200                __vector_offset_208 = DEFINED (__vector_dispatch_208)?(. - _ebase_address):__vector_offset_default
 *(.vector_208)
                0x0000000000000200                __vector_offset_209 = DEFINED (__vector_dispatch_209)?(. - _ebase_address):__vector_offset_default
 *(.vector_209)
                0x0000000000000200                __vector_offset_210 = DEFINED (__vector_dispatch_210)?(. - _ebase_address):__vector_offset_default
 *(.vector_210)
                0x0000000000000200                __vector_offset_211 = DEFINED (__vector_dispatch_211)?(. - _ebase_address):__vector_offset_default
 *(.vector_211)
                0x0000000000000200                __vector_offset_212 = DEFINED (__vector_dispatch_212)?(. - _ebase_address):__vector_offset_default
 *(.vector_212)
                0x0000000000000200                __vector_offset_213 = DEFINED (__vector_dispatch_213)?(. - _ebase_address):__vector_offset_default
 *(.vector_213)
                0x0000000000000200                __vector_offset_214 = DEFINED (__vector_dispatch_214)?(. - _ebase_address):__vector_offset_default
 *(.vector_214)
                0x0000000000000200                __vector_offset_215 = DEFINED (__vector_dispatch_215)?(. - _ebase_address):__vector_offset_default
 *(.vector_215)
                0x0000000000000200                __vector_offset_216 = DEFINED (__vector_dispatch_216)?(. - _ebase_address):__vector_offset_default
 *(.vector_216)
                0x0000000000000200                __vector_offset_217 = DEFINED (__vector_dispatch_217)?(. - _ebase_address):__vector_offset_default
 *(.vector_217)
                0x0000000000000200                __vector_offset_218 = DEFINED (__vector_dispatch_218)?(. - _ebase_address):__vector_offset_default
 *(.vector_218)
                0x0000000000000200                __vector_offset_219 = DEFINED (__vector_dispatch_219)?(. - _ebase_address):__vector_offset_default
 *(.vector_219)
                0x0000000000000200                __vector_offset_220 = DEFINED (__vector_dispatch_220)?(. - _ebase_address):__vector_offset_default
 *(.vector_220)
                0x0000000000000200                __vector_offset_221 = DEFINED (__vector_dispatch_221)?(. - _ebase_address):__vector_offset_default
 *(.vector_221)
                0x0000000000000200                __vector_offset_222 = DEFINED (__vector_dispatch_222)?(. - _ebase_address):__vector_offset_default
 *(.vector_222)
                0x0000000000000200                __vector_offset_223 = DEFINED (__vector_dispatch_223)?(. - _ebase_address):__vector_offset_default
 *(.vector_223)
                0x0000000000000200                __vector_offset_224 = DEFINED (__vector_dispatch_224)?(. - _ebase_address):__vector_offset_default
 *(.vector_224)
                0x0000000000000200                __vector_offset_225 = DEFINED (__vector_dispatch_225)?(. - _ebase_address):__vector_offset_default
 *(.vector_225)
                0x0000000000000200                __vector_offset_226 = DEFINED (__vector_dispatch_226)?(. - _ebase_address):__vector_offset_default
 *(.vector_226)
                0x0000000000000200                __vector_offset_227 = DEFINED (__vector_dispatch_227)?(. - _ebase_address):__vector_offset_default
 *(.vector_227)
                0x0000000000000200                __vector_offset_228 = DEFINED (__vector_dispatch_228)?(. - _ebase_address):__vector_offset_default
 *(.vector_228)
                0x0000000000000200                __vector_offset_229 = DEFINED (__vector_dispatch_229)?(. - _ebase_address):__vector_offset_default
 *(.vector_229)
                0x0000000000000200                __vector_offset_230 = DEFINED (__vector_dispatch_230)?(. - _ebase_address):__vector_offset_default
 *(.vector_230)
                0x0000000000000200                __vector_offset_231 = DEFINED (__vector_dispatch_231)?(. - _ebase_address):__vector_offset_default
 *(.vector_231)
                0x0000000000000200                __vector_offset_232 = DEFINED (__vector_dispatch_232)?(. - _ebase_address):__vector_offset_default
 *(.vector_232)
                0x0000000000000200                __vector_offset_233 = DEFINED (__vector_dispatch_233)?(. - _ebase_address):__vector_offset_default
 *(.vector_233)
                0x0000000000000200                __vector_offset_234 = DEFINED (__vector_dispatch_234)?(. - _ebase_address):__vector_offset_default
 *(.vector_234)
                0x0000000000000200                __vector_offset_235 = DEFINED (__vector_dispatch_235)?(. - _ebase_address):__vector_offset_default
 *(.vector_235)
                0x0000000000000200                __vector_offset_236 = DEFINED (__vector_dispatch_236)?(. - _ebase_address):__vector_offset_default
 *(.vector_236)
                0x0000000000000200                __vector_offset_237 = DEFINED (__vector_dispatch_237)?(. - _ebase_address):__vector_offset_default
 *(.vector_237)
                0x0000000000000200                __vector_offset_238 = DEFINED (__vector_dispatch_238)?(. - _ebase_address):__vector_offset_default
 *(.vector_238)
                0x0000000000000200                __vector_offset_239 = DEFINED (__vector_dispatch_239)?(. - _ebase_address):__vector_offset_default
 *(.vector_239)
                0x0000000000000200                __vector_offset_240 = DEFINED (__vector_dispatch_240)?(. - _ebase_address):__vector_offset_default
 *(.vector_240)
                0x0000000000000200                __vector_offset_241 = DEFINED (__vector_dispatch_241)?(. - _ebase_address):__vector_offset_default
 *(.vector_241)
                0x0000000000000200                __vector_offset_242 = DEFINED (__vector_dispatch_242)?(. - _ebase_address):__vector_offset_default
 *(.vector_242)
                0x0000000000000200                __vector_offset_243 = DEFINED (__vector_dispatch_243)?(. - _ebase_address):__vector_offset_default
 *(.vector_243)
                0x0000000000000200                __vector_offset_244 = DEFINED (__vector_dispatch_244)?(. - _ebase_address):__vector_offset_default
 *(.vector_244)
                0x0000000000000200                __vector_offset_245 = DEFINED (__vector_dispatch_245)?(. - _ebase_address):__vector_offset_default
 *(.vector_245)
                0x0000000000000200                __vector_offset_246 = DEFINED (__vector_dispatch_246)?(. - _ebase_address):__vector_offset_default
 *(.vector_246)
                0x0000000000000200                __vector_offset_247 = DEFINED (__vector_dispatch_247)?(. - _ebase_address):__vector_offset_default
 *(.vector_247)
                0x0000000000000200                __vector_offset_248 = DEFINED (__vector_dispatch_248)?(. - _ebase_address):__vector_offset_default
 *(.vector_248)
                0x0000000000000200                __vector_offset_249 = DEFINED (__vector_dispatch_249)?(. - _ebase_address):__vector_offset_default
 *(.vector_249)
                0x0000000000000200                __vector_offset_250 = DEFINED (__vector_dispatch_250)?(. - _ebase_address):__vector_offset_default
 *(.vector_250)
                0x0000000000000200                __vector_offset_251 = DEFINED (__vector_dispatch_251)?(. - _ebase_address):__vector_offset_default
 *(.vector_251)
                0x0000000000000200                __vector_offset_252 = DEFINED (__vector_dispatch_252)?(. - _ebase_address):__vector_offset_default
 *(.vector_252)
                0x0000000000000200                __vector_offset_253 = DEFINED (__vector_dispatch_253)?(. - _ebase_address):__vector_offset_default
 *(.vector_253)
                0x0000000000000200                __vector_offset_254 = DEFINED (__vector_dispatch_254)?(. - _ebase_address):__vector_offset_default
 *(.vector_254)
                0x0000000000000200                __vector_offset_255 = DEFINED (__vector_dispatch_255)?(. - _ebase_address):__vector_offset_default
 *(.vector_255)
                0x0000000000000200                __vector_offset_default = (. - _ebase_address)
 *(.vector_default)
 .vector_default
                0x000000009fc01200       0x48 c:/program files/microchip/xc32/v4.21/bin/bin/../../lib/gcc/pic32mx/8.3.1/../../../../pic32mx/lib/fpu64\libpic32.a(defaultinterrupt.o)
                0x000000009fc01200                _DefaultInterrupt

.startup
 *(.startup)

.text           0x000000009fc01248        0x0
 *(.stub .gnu.linkonce.t.*)
 *(.text.*personality*)
 *(.mips16.fn.*)
 *(.mips16.call.*)
 *(.gnu.warning)
                0x000000009fc01248                . = ALIGN (0x4)

.init           0x000000009fc01248        0x0
 *crti.o(.init)
 *crtbegin.o(.init)
 *(EXCLUDE_FILE(*crtn.o *crtend?.o *crtend.o) .init)
 *crtend.o(.init)
 *crtn.o(.init)
                0x000000009fc01248                . = ALIGN (0x4)

.fini           0x000000009fc01248        0x0
 *(.fini)
                0x000000009fc01248                . = ALIGN (0x4)

.preinit_array  0x000000009fc01248        0x0
                [!provide]                        PROVIDE (__preinit_array_start = .)
 *(.preinit_array)
                [!provide]                        PROVIDE (__preinit_array_end = .)
                0x000000009fc01248                . = ALIGN (0x4)

.init_array     0x000000009fc01248        0x0
                [!provide]                        PROVIDE (__init_array_start = .)
 *(SORT_BY_NAME(.init_array.*))
 *(.init_array)
                [!provide]                        PROVIDE (__init_array_end = .)
                0x000000009fc01248                . = ALIGN (0x4)

.fini_array     0x000000009fc01248        0x0
                [!provide]                        PROVIDE (__fini_array_start = .)
 *(SORT_BY_NAME(.fini_array.*))
 *(.fini_array)
                [!provide]                        PROVIDE (__fini_array_end = .)
                0x000000009fc01248                . = ALIGN (0x4)

.ctors          0x000000009fc01248        0x0
 *crtbegin.o(.ctors)
 *crtbegin?.o(.ctors)
 *(EXCLUDE_FILE(*crtend?.o *crtend.o) .ctors)
 *(SORT_BY_NAME(.ctors.*))
 *(.ctors)
                0x000000009fc01248                . = ALIGN (0x4)

.dtors          0x000000009fc01248        0x0
 *crtbegin.o(.dtors)
 *crtbegin?.o(.dtors)
 *(EXCLUDE_FILE(*crtend?.o *crtend.o) .dtors)
 *(SORT_BY_NAME(.dtors.*))
 *(.dtors)
                0x000000009fc01248                . = ALIGN (0x4)

.rodata         0x000000009fc01248        0x0
 *(.gnu.linkonce.r.*)
 *(.rodata1)
                0x000000009fc01248                . = ALIGN (0x4)

.sdata2         0x000000009fc01248        0x0
 *(.sdata2 .sdata2.* .gnu.linkonce.s2.*)
                0x000000009fc01248                . = ALIGN (0x4)

.sbss2          0x000000009fc01248        0x0
 *(.sbss2 .sbss2.* .gnu.linkonce.sb2.*)
                0x000000009fc01248                . = ALIGN (0x4)

.eh_frame_hdr
 *(.eh_frame_hdr)
                0x000000009fc01248                . = ALIGN (0x4)

.eh_frame
 *(.eh_frame)
                0x000000009fc01248                . = ALIGN (0x4)

.gcc_except_table
 *(.gcc_except_table .gcc_except_table.*)
                0x000000009fc01248                . = ALIGN (0x4)

.dbg_data       0x0000000080000000        0x0
                0x0000000080000000                . = (. + DEFINED (_DEBUGGER)?0x200:0x0)
                0x0000000080000000                . = (. + DEFINED (_DEBUGGER)?0x80:0x0)

.jcr            0x0000000080000000        0x0
 *(.jcr)
                0x0000000080000000                . = ALIGN (0x4)

.eh_frame
 *(.eh_frame)
                0x0000000080000000                . = ALIGN (0x4)

.gcc_except_table
 *(.gcc_except_table .gcc_except_table.*)
                0x0000000080000000                . = ALIGN (0x4)

.persist        0x0000000080000000        0x0
                0x0000000080000000                _persist_begin = .
 *(.persist .persist.*)
 *(.pbss .pbss.*)
                0x0000000080000000                . = ALIGN (0x4)
                0x0000000080000000                _persist_end = .

.data           0x0000000080000000        0x0
 *(.gnu.linkonce.d.*)
 *(.data1)
                0x0000000080000000                . = ALIGN (0x4)
                0x0000000080000000                . = .
                0x0000000080007ff0                _gp = (ALIGN (0x10) + 0x7ff0)

.got            0x0000000080000000        0x0
 *(.got.plt)
 *(.got)
                0x0000000080000000                . = ALIGN (0x4)

.sdata          0x0000000080000000       0x2c
                0x0000000080000000                _sdata_begin = .
 *(.sdata .sdata.* .gnu.linkonce.s.*)
 .sdata         0x0000000080000000        0x8 build/MZ1024_RELEASE/production/_ext/801483606/bootloader.o
                0x0000000080000000                _appVer2
                0x0000000080000004                _appVer1
 .sdata         0x0000000080000008       0x24 c:/program files/microchip/xc32/v4.21/bin/bin/../../lib/gcc/pic32mx/8.3.1/../../../../pic32mx/lib/fpu64\libpic32.a(pic32_init_cache.o)
                0x0000000080000008                __pic32_icache_size
                0x000000008000000c                __pic32_icache_linesize
                0x0000000080000010                __pic32_icache_ways
                0x0000000080000014                __pic32_dcache_size
                0x0000000080000018                __pic32_dcache_linesize
                0x000000008000001c                __pic32_dcache_ways
                0x0000000080000020                __pic32_scache_size
                0x0000000080000024                __pic32_scache_linesize
                0x0000000080000028                __pic32_scache_ways
                0x000000008000002c                . = ALIGN (0x4)
                0x000000008000002c                _sdata_end = .

.lit8
 *(.lit8)

.lit4
 *(.lit4)
                0x000000008000002c                . = ALIGN (0x4)
                0x000000008000002c                _data_end = .
                0x000000008000002c                _bss_begin = .

.sbss           0x000000008000002c       0x30
                0x000000008000002c                _sbss_begin = .
 *(.dynsbss)
 *(.sbss .sbss.* .gnu.linkonce.sb.*)
 .sbss          0x000000008000002c       0x18 build/MZ1024_RELEASE/production/_ext/801483606/bootloader.o
 .sbss          0x0000000080000044        0x3 build/MZ1024_RELEASE/production/_ext/801483606/flash_mem.o
 .sbss          0x0000000080000047        0x1 build/MZ1024_RELEASE/production/_ext/1537666708/board.o
 .sbss          0x0000000080000048        0x2 build/MZ1024_RELEASE/production/_ext/1255152928/nvm.o
 .sbss          0x000000008000004a        0x7 build/MZ1024_RELEASE/production/_ext/1261517080/usart.o
 .sbss          0x0000000080000051        0x1 build/MZ1024_RELEASE/production/_ext/1509298662/wdt.o
 .sbss          0x0000000080000052        0x3 build/MZ1024_RELEASE/production/_ext/1727528777/device_config.o
 .sbss          0x0000000080000055        0x1 build/MZ1024_RELEASE/production/_ext/700139821/debug.o
 .sbss          0x0000000080000056        0x1 build/MZ1024_RELEASE/production/_ext/73441385/system_init.o
 .sbss          0x0000000080000057        0x2 build/MZ1024_RELEASE/production/_ext/73441385/system_time.o
 .sbss          0x0000000080000059        0x1 build/MZ1024_RELEASE/production/_ext/1360937237/main.o
 *(.scommon)
                0x000000008000005a                _sbss_end = .
                0x000000008000005c                . = ALIGN (0x4)
 *fill*         0x000000008000005a        0x2 

.bss            0x000000008000005c        0x0
 *(.dynbss)
 *(COMMON)
                0x000000008000005c                . = ALIGN ((. != 0x0)?0x4:0x1)
                0x000000008000005c                . = ALIGN (0x4)
                0x000000008000005c                _end = .
                0x000000008000005c                _bss_end = .
                0x0000000000080000                _bmxdudba_address = LENGTH (kseg0_data_mem)
                0x0000000000080000                _bmxdupba_address = LENGTH (kseg0_data_mem)

/DISCARD/
 *(.pdr)
 *(.rel.dyn)
 *(.note.GNU-stack)
 *(.note.GNU-stack)
 *(.gnu_debuglink)
 *(.gnu.lto_*)
 *(.discard)
 *(._debug_exception)

.gptab.sdata
 *(.gptab.data)
 *(.gptab.sdata)

.gptab.sbss
 *(.gptab.bss)
 *(.gptab.sbss)

.mdebug.abi32   0x000000008000005c        0x0
 *(.mdebug.abi32)
 .mdebug.abi32  0x000000008000005c        0x0 build/MZ1024_RELEASE/production/_ext/801483606/bootloader.o
 .mdebug.abi32  0x000000008000005c        0x0 build/MZ1024_RELEASE/production/_ext/801483606/flash_mem.o
 .mdebug.abi32  0x000000008000005c        0x0 build/MZ1024_RELEASE/production/_ext/1537666708/board.o
 .mdebug.abi32  0x000000008000005c        0x0 build/MZ1024_RELEASE/production/_ext/455916380/gpio.o
 .mdebug.abi32  0x000000008000005c        0x0 build/MZ1024_RELEASE/production/_ext/1255152928/nvm.o
 .mdebug.abi32  0x000000008000005c        0x0 build/MZ1024_RELEASE/production/_ext/401144697/systmr.o
 .mdebug.abi32  0x000000008000005c        0x0 build/MZ1024_RELEASE/production/_ext/1261517080/usart.o
 .mdebug.abi32  0x000000008000005c        0x0 build/MZ1024_RELEASE/production/_ext/1509298662/wdt.o
 .mdebug.abi32  0x000000008000005c        0x0 build/MZ1024_RELEASE/production/_ext/1727528777/device_config.o
 .mdebug.abi32  0x000000008000005c        0x0 build/MZ1024_RELEASE/production/_ext/700139821/debug.o
 .mdebug.abi32  0x000000008000005c        0x0 build/MZ1024_RELEASE/production/_ext/73441385/system.o
 .mdebug.abi32  0x000000008000005c        0x0 build/MZ1024_RELEASE/production/_ext/73441385/system_exceptions.o
 .mdebug.abi32  0x000000008000005c        0x0 build/MZ1024_RELEASE/production/_ext/73441385/system_init.o
 .mdebug.abi32  0x000000008000005c        0x0 build/MZ1024_RELEASE/production/_ext/73441385/system_time.o
 .mdebug.abi32  0x000000008000005c        0x0 build/MZ1024_RELEASE/production/_ext/1360937237/main.o
 .mdebug.abi32  0x000000008000005c        0x0 c:/program files/microchip/xc32/v4.21/bin/bin/../../lib/gcc/pic32mx/8.3.1/../../../../pic32mx/lib/fpu64\libpic32.a(default-bootstrap-exception-handler.o)
 .mdebug.abi32  0x000000008000005c        0x0 c:/program files/microchip/xc32/v4.21/bin/bin/../../lib/gcc/pic32mx/8.3.1/../../../../pic32mx/lib/fpu64\libpic32.a(default-on-reset.o)
 .mdebug.abi32  0x000000008000005c        0x0 c:/program files/microchip/xc32/v4.21/bin/bin/../../lib/gcc/pic32mx/8.3.1/../../../../pic32mx/lib/fpu64\libpic32.a(default-on-bootstrap.o)
 .mdebug.abi32  0x000000008000005c        0x0 c:/program files/microchip/xc32/v4.21/bin/bin/../../lib/gcc/pic32mx/8.3.1/../../../../pic32mx/lib/fpu64\libpic32.a(defaultinterrupt.o)
 .mdebug.abi32  0x000000008000005c        0x0 c:/program files/microchip/xc32/v4.21/bin/bin/../../lib/gcc/pic32mx/8.3.1/../../../../pic32mx/lib/fpu64\libpic32.a(default-general-exception-handler.o)
 .mdebug.abi32  0x000000008000005c        0x0 c:/program files/microchip/xc32/v4.21/bin/bin/../../lib/gcc/pic32mx/8.3.1/../../../../pic32mx/lib/fpu64\libpic32.a(default-cache-err-exception-handler.o)
 .mdebug.abi32  0x000000008000005c        0x0 c:/program files/microchip/xc32/v4.21/bin/bin/../../lib/gcc/pic32mx/8.3.1/../../../../pic32mx/lib/fpu64\libpic32.a(default-simple-tlb-refill-exception-handler.o)
 .mdebug.abi32  0x000000008000005c        0x0 c:/program files/microchip/xc32/v4.21/bin/bin/../../lib/gcc/pic32mx/8.3.1/../../../../pic32mx/lib/fpu64\libc-musl.a(puts.o)
 .mdebug.abi32  0x000000008000005c        0x0 c:/program files/microchip/xc32/v4.21/bin/bin/../../lib/gcc/pic32mx/8.3.1/../../../../pic32mx/lib/fpu64\libc-musl.a(fputs.o)
 .mdebug.abi32  0x000000008000005c        0x0 c:/program files/microchip/xc32/v4.21/bin/bin/../../lib/gcc/pic32mx/8.3.1/../../../../pic32mx/lib/fpu64\libc-musl.a(fwrite.o)
 .mdebug.abi32  0x000000008000005c        0x0 c:/program files/microchip/xc32/v4.21/bin/bin/../../lib/gcc/pic32mx/8.3.1/../../../../pic32mx/lib/fpu64\libc-musl.a(putc.o)
 .mdebug.abi32  0x000000008000005c        0x0 c:/program files/microchip/xc32/v4.21/bin/bin/../../lib/gcc/pic32mx/8.3.1/../../../../pic32mx/lib/fpu64\libc-musl.a(stdout.o)
 .mdebug.abi32  0x000000008000005c        0x0 c:/program files/microchip/xc32/v4.21/bin/bin/../../lib/gcc/pic32mx/8.3.1/../../../../pic32mx/lib/fpu64\libc-musl.a(strlen.o)
 .mdebug.abi32  0x000000008000005c        0x0 c:/program files/microchip/xc32/v4.21/bin/bin/../../lib/gcc/pic32mx/8.3.1/../../../../pic32mx/lib/fpu64\libc-musl.a(__fopen.o)
 .mdebug.abi32  0x000000008000005c        0x0 c:/program files/microchip/xc32/v4.21/bin/bin/../../lib/gcc/pic32mx/8.3.1/../../../../pic32mx/lib/fpu64\libc-musl.a(__io_init_needed.o)
 .mdebug.abi32  0x000000008000005c        0x0 c:/program files/microchip/xc32/v4.21/bin/bin/../../lib/gcc/pic32mx/8.3.1/../../../../pic32mx/lib/fpu64\libc-musl.a(__out.o)
 .mdebug.abi32  0x000000008000005c        0x0 c:/program files/microchip/xc32/v4.21/bin/bin/../../lib/gcc/pic32mx/8.3.1/../../../../pic32mx/lib/fpu64\libc-musl.a(__stdio_close.o)
 .mdebug.abi32  0x000000008000005c        0x0 c:/program files/microchip/xc32/v4.21/bin/bin/../../lib/gcc/pic32mx/8.3.1/../../../../pic32mx/lib/fpu64\libc-musl.a(memset.o)
 .mdebug.abi32  0x000000008000005c        0x0 c:/program files/microchip/xc32/v4.21/bin/bin/../../lib/gcc/pic32mx/8.3.1/../../../../pic32mx/lib/fpu64\libc-musl.a(malloc.o)
 .mdebug.abi32  0x000000008000005c        0x0 c:/program files/microchip/xc32/v4.21/bin/bin/../../lib/gcc/pic32mx/8.3.1/../../../../pic32mx/lib/fpu64\libc-musl.a(expand_heap.o)
 .mdebug.abi32  0x000000008000005c        0x0 c:/program files/microchip/xc32/v4.21/bin/bin/../../lib/gcc/pic32mx/8.3.1/../../../../pic32mx/lib/fpu64\libc-musl.a(__init_stdio.o)
 .mdebug.abi32  0x000000008000005c        0x0 c:/program files/microchip/xc32/v4.21/bin/bin/../../lib/gcc/pic32mx/8.3.1/../../../../pic32mx/lib/fpu64\libc-musl.a(__io_file_needed.o)
 .mdebug.abi32  0x000000008000005c        0x0 c:/program files/microchip/xc32/v4.21/bin/bin/../../lib/gcc/pic32mx/8.3.1/../../../../pic32mx/lib/fpu64\libc-musl.a(libc.o)
 .mdebug.abi32  0x000000008000005c        0x0 c:/program files/microchip/xc32/v4.21/bin/bin/../../lib/gcc/pic32mx/8.3.1/fpu64\libgcc.a(_lshrdi3.o)
 .mdebug.abi32  0x000000008000005c        0x0 c:/program files/microchip/xc32/v4.21/bin/bin/../../lib/gcc/pic32mx/8.3.1/fpu64\libgcc.a(_ashldi3.o)
 .mdebug.abi32  0x000000008000005c        0x0 c:/program files/microchip/xc32/v4.21/bin/bin/../../lib/gcc/pic32mx/8.3.1/../../../../pic32mx/lib/fpu64\libpic32.a(sbrk.o)
 .mdebug.abi32  0x000000008000005c        0x0 c:/program files/microchip/xc32/v4.21/bin/bin/../../lib/gcc/pic32mx/8.3.1/../../../../pic32mx/lib/fpu64\libpic32.a(write.o)
 .mdebug.abi32  0x000000008000005c        0x0 c:/program files/microchip/xc32/v4.21/bin/bin/../../lib/gcc/pic32mx/8.3.1/../../../../pic32mx/lib/fpu64\libpic32.a(lseek.o)
 .mdebug.abi32  0x000000008000005c        0x0 c:/program files/microchip/xc32/v4.21/bin/bin/../../lib/gcc/pic32mx/8.3.1/../../../../pic32mx/lib/fpu64\libpic32.a(close.o)
 .mdebug.abi32  0x000000008000005c        0x0 c:/program files/microchip/xc32/v4.21/bin/bin/../../lib/gcc/pic32mx/8.3.1/../../../../pic32mx/lib/fpu64\libpic32.a(errno.o)

.mdebug.abiN32
 *(.mdebug.abiN32)

.mdebug.abi64
 *(.mdebug.abi64)

.mdebug.abiO64
 *(.mdebug.abiO64)

.mdebug.eabi32
 *(.mdebug.eabi32)

.mdebug.eabi64
 *(.mdebug.eabi64)

.gcc_compiled_long32
 *(.gcc_compiled_long32)

.gcc_compiled_long64
 *(.gcc_compiled_long64)

.stab
 *(.stab)

.stabstr
 *(.stabstr)

.stab.excl
 *(.stab.excl)

.stab.exclstr
 *(.stab.exclstr)

.stab.index
 *(.stab.index)

.stab.indexstr
 *(.stab.indexstr)

.comment        0x0000000000000000       0x76
 *(.comment)
 .comment       0x0000000000000000       0x2b build/MZ1024_RELEASE/production/_ext/801483606/bootloader.o
                                         0x2c (size before relaxing)
 .comment       0x000000000000002b       0x2c build/MZ1024_RELEASE/production/_ext/801483606/flash_mem.o
 .comment       0x000000000000002b       0x2c build/MZ1024_RELEASE/production/_ext/1537666708/board.o
 .comment       0x000000000000002b       0x2c build/MZ1024_RELEASE/production/_ext/455916380/gpio.o
 .comment       0x000000000000002b       0x2c build/MZ1024_RELEASE/production/_ext/1255152928/nvm.o
 .comment       0x000000000000002b       0x2c build/MZ1024_RELEASE/production/_ext/401144697/systmr.o
 .comment       0x000000000000002b       0x2c build/MZ1024_RELEASE/production/_ext/1261517080/usart.o
 .comment       0x000000000000002b       0x2c build/MZ1024_RELEASE/production/_ext/1509298662/wdt.o
 .comment       0x000000000000002b       0x2c build/MZ1024_RELEASE/production/_ext/1727528777/device_config.o
 .comment       0x000000000000002b       0x2c build/MZ1024_RELEASE/production/_ext/700139821/debug.o
 .comment       0x000000000000002b       0x2c build/MZ1024_RELEASE/production/_ext/73441385/system.o
 .comment       0x000000000000002b       0x2c build/MZ1024_RELEASE/production/_ext/73441385/system_exceptions.o
 .comment       0x000000000000002b       0x2c build/MZ1024_RELEASE/production/_ext/73441385/system_init.o
 .comment       0x000000000000002b       0x2c build/MZ1024_RELEASE/production/_ext/73441385/system_time.o
 .comment       0x000000000000002b       0x2c build/MZ1024_RELEASE/production/_ext/1360937237/main.o
 .comment       0x000000000000002b       0x2c c:/program files/microchip/xc32/v4.21/bin/bin/../../lib/gcc/pic32mx/8.3.1/../../../../pic32mx/lib/fpu64\libpic32.a(default-bootstrap-exception-handler.o)
 .comment       0x000000000000002b       0x2c c:/program files/microchip/xc32/v4.21/bin/bin/../../lib/gcc/pic32mx/8.3.1/../../../../pic32mx/lib/fpu64\libpic32.a(default-on-reset.o)
 .comment       0x000000000000002b       0x2c c:/program files/microchip/xc32/v4.21/bin/bin/../../lib/gcc/pic32mx/8.3.1/../../../../pic32mx/lib/fpu64\libpic32.a(default-on-bootstrap.o)
 .comment       0x000000000000002b       0x2c c:/program files/microchip/xc32/v4.21/bin/bin/../../lib/gcc/pic32mx/8.3.1/../../../../pic32mx/lib/fpu64\libpic32.a(defaultinterrupt.o)
 .comment       0x000000000000002b       0x2c c:/program files/microchip/xc32/v4.21/bin/bin/../../lib/gcc/pic32mx/8.3.1/../../../../pic32mx/lib/fpu64\libpic32.a(default-general-exception-handler.o)
 .comment       0x000000000000002b       0x2c c:/program files/microchip/xc32/v4.21/bin/bin/../../lib/gcc/pic32mx/8.3.1/../../../../pic32mx/lib/fpu64\libpic32.a(default-cache-err-exception-handler.o)
 .comment       0x000000000000002b       0x2c c:/program files/microchip/xc32/v4.21/bin/bin/../../lib/gcc/pic32mx/8.3.1/../../../../pic32mx/lib/fpu64\libpic32.a(default-simple-tlb-refill-exception-handler.o)
 .comment       0x000000000000002b       0x2c c:/program files/microchip/xc32/v4.21/bin/bin/../../lib/gcc/pic32mx/8.3.1/../../../../pic32mx/lib/fpu64\libc-musl.a(puts.o)
 .comment       0x000000000000002b       0x2c c:/program files/microchip/xc32/v4.21/bin/bin/../../lib/gcc/pic32mx/8.3.1/../../../../pic32mx/lib/fpu64\libc-musl.a(fputs.o)
 .comment       0x000000000000002b       0x2c c:/program files/microchip/xc32/v4.21/bin/bin/../../lib/gcc/pic32mx/8.3.1/../../../../pic32mx/lib/fpu64\libc-musl.a(fwrite.o)
 .comment       0x000000000000002b       0x2c c:/program files/microchip/xc32/v4.21/bin/bin/../../lib/gcc/pic32mx/8.3.1/../../../../pic32mx/lib/fpu64\libc-musl.a(putc.o)
 .comment       0x000000000000002b       0x2c c:/program files/microchip/xc32/v4.21/bin/bin/../../lib/gcc/pic32mx/8.3.1/../../../../pic32mx/lib/fpu64\libc-musl.a(stdout.o)
 .comment       0x000000000000002b       0x2c c:/program files/microchip/xc32/v4.21/bin/bin/../../lib/gcc/pic32mx/8.3.1/../../../../pic32mx/lib/fpu64\libc-musl.a(strlen.o)
 .comment       0x000000000000002b       0x2c c:/program files/microchip/xc32/v4.21/bin/bin/../../lib/gcc/pic32mx/8.3.1/../../../../pic32mx/lib/fpu64\libc-musl.a(__fopen.o)
 .comment       0x000000000000002b       0x2c c:/program files/microchip/xc32/v4.21/bin/bin/../../lib/gcc/pic32mx/8.3.1/../../../../pic32mx/lib/fpu64\libc-musl.a(__io_init_needed.o)
 .comment       0x000000000000002b       0x2c c:/program files/microchip/xc32/v4.21/bin/bin/../../lib/gcc/pic32mx/8.3.1/../../../../pic32mx/lib/fpu64\libc-musl.a(__out.o)
 .comment       0x000000000000002b       0x2c c:/program files/microchip/xc32/v4.21/bin/bin/../../lib/gcc/pic32mx/8.3.1/../../../../pic32mx/lib/fpu64\libc-musl.a(__stdio_close.o)
 .comment       0x000000000000002b       0x2c c:/program files/microchip/xc32/v4.21/bin/bin/../../lib/gcc/pic32mx/8.3.1/../../../../pic32mx/lib/fpu64\libc-musl.a(memset.o)
 .comment       0x000000000000002b       0x2c c:/program files/microchip/xc32/v4.21/bin/bin/../../lib/gcc/pic32mx/8.3.1/../../../../pic32mx/lib/fpu64\libc-musl.a(malloc.o)
 .comment       0x000000000000002b       0x2c c:/program files/microchip/xc32/v4.21/bin/bin/../../lib/gcc/pic32mx/8.3.1/../../../../pic32mx/lib/fpu64\libc-musl.a(expand_heap.o)
 .comment       0x000000000000002b       0x2c c:/program files/microchip/xc32/v4.21/bin/bin/../../lib/gcc/pic32mx/8.3.1/../../../../pic32mx/lib/fpu64\libc-musl.a(__init_stdio.o)
 .comment       0x000000000000002b       0x2c c:/program files/microchip/xc32/v4.21/bin/bin/../../lib/gcc/pic32mx/8.3.1/../../../../pic32mx/lib/fpu64\libc-musl.a(__io_file_needed.o)
 .comment       0x000000000000002b       0x2c c:/program files/microchip/xc32/v4.21/bin/bin/../../lib/gcc/pic32mx/8.3.1/../../../../pic32mx/lib/fpu64\libc-musl.a(libc.o)
 .comment       0x000000000000002b       0x2c c:/program files/microchip/xc32/v4.21/bin/bin/../../lib/gcc/pic32mx/8.3.1/fpu64\libgcc.a(_lshrdi3.o)
 .comment       0x000000000000002b       0x2c c:/program files/microchip/xc32/v4.21/bin/bin/../../lib/gcc/pic32mx/8.3.1/fpu64\libgcc.a(_ashldi3.o)
 .comment       0x000000000000002b       0x4b c:/program files/microchip/xc32/v4.21/bin/bin/../../lib/gcc/pic32mx/8.3.1/../../../../pic32mx/lib/fpu64\libpic32.a(sbrk.o)
                                         0x77 (size before relaxing)
 .comment       0x0000000000000076       0x2c c:/program files/microchip/xc32/v4.21/bin/bin/../../lib/gcc/pic32mx/8.3.1/../../../../pic32mx/lib/fpu64\libpic32.a(write.o)
 .comment       0x0000000000000076       0x2c c:/program files/microchip/xc32/v4.21/bin/bin/../../lib/gcc/pic32mx/8.3.1/../../../../pic32mx/lib/fpu64\libpic32.a(lseek.o)
 .comment       0x0000000000000076       0x2c c:/program files/microchip/xc32/v4.21/bin/bin/../../lib/gcc/pic32mx/8.3.1/../../../../pic32mx/lib/fpu64\libpic32.a(close.o)
 .comment       0x0000000000000076       0x2c c:/program files/microchip/xc32/v4.21/bin/bin/../../lib/gcc/pic32mx/8.3.1/../../../../pic32mx/lib/fpu64\libpic32.a(errno.o)

.debug
 *(.debug)

.line
 *(.line)

.debug_srcinfo
 *(.debug_srcinfo)

.debug_sfnames
 *(.debug_sfnames)

.debug_aranges  0x0000000000000000      0x850
 *(.debug_aranges)
 .debug_aranges
                0x0000000000000000       0x80 build/MZ1024_RELEASE/production/_ext/801483606/bootloader.o
 .debug_aranges
                0x0000000000000080       0x40 build/MZ1024_RELEASE/production/_ext/801483606/flash_mem.o
 .debug_aranges
                0x00000000000000c0       0x20 build/MZ1024_RELEASE/production/_ext/1537666708/board.o
 .debug_aranges
                0x00000000000000e0       0x58 build/MZ1024_RELEASE/production/_ext/455916380/gpio.o
 .debug_aranges
                0x0000000000000138       0x68 build/MZ1024_RELEASE/production/_ext/1255152928/nvm.o
 .debug_aranges
                0x00000000000001a0       0x80 build/MZ1024_RELEASE/production/_ext/401144697/systmr.o
 .debug_aranges
                0x0000000000000220       0xa8 build/MZ1024_RELEASE/production/_ext/1261517080/usart.o
 .debug_aranges
                0x00000000000002c8       0x20 build/MZ1024_RELEASE/production/_ext/1509298662/wdt.o
 .debug_aranges
                0x00000000000002e8       0x50 build/MZ1024_RELEASE/production/_ext/1727528777/device_config.o
 .debug_aranges
                0x0000000000000338       0x20 build/MZ1024_RELEASE/production/_ext/700139821/debug.o
 .debug_aranges
                0x0000000000000358       0x18 build/MZ1024_RELEASE/production/_ext/73441385/system.o
 .debug_aranges
                0x0000000000000370       0x20 build/MZ1024_RELEASE/production/_ext/73441385/system_init.o
 .debug_aranges
                0x0000000000000390       0x48 build/MZ1024_RELEASE/production/_ext/73441385/system_time.o
 .debug_aranges
                0x00000000000003d8       0x20 build/MZ1024_RELEASE/production/_ext/1360937237/main.o
 .debug_aranges
                0x00000000000003f8       0x20 c:/program files/microchip/xc32/v4.21/bin/bin/../../lib/gcc/pic32mx/8.3.1/../../../../pic32mx/lib/fpu64\libpic32.a(default-bootstrap-exception-handler.o)
 .debug_aranges
                0x0000000000000418       0x20 c:/program files/microchip/xc32/v4.21/bin/bin/../../lib/gcc/pic32mx/8.3.1/../../../../pic32mx/lib/fpu64\libpic32.a(default-on-reset.o)
 .debug_aranges
                0x0000000000000438       0x20 c:/program files/microchip/xc32/v4.21/bin/bin/../../lib/gcc/pic32mx/8.3.1/../../../../pic32mx/lib/fpu64\libpic32.a(default-on-bootstrap.o)
 .debug_aranges
                0x0000000000000458       0x20 c:/program files/microchip/xc32/v4.21/bin/bin/../../lib/gcc/pic32mx/8.3.1/../../../../pic32mx/lib/fpu64\libpic32.a(defaultinterrupt.o)
 .debug_aranges
                0x0000000000000478       0x20 c:/program files/microchip/xc32/v4.21/bin/bin/../../lib/gcc/pic32mx/8.3.1/../../../../pic32mx/lib/fpu64\libpic32.a(default-general-exception-handler.o)
 .debug_aranges
                0x0000000000000498       0x20 c:/program files/microchip/xc32/v4.21/bin/bin/../../lib/gcc/pic32mx/8.3.1/../../../../pic32mx/lib/fpu64\libpic32.a(default-cache-err-exception-handler.o)
 .debug_aranges
                0x00000000000004b8       0x20 c:/program files/microchip/xc32/v4.21/bin/bin/../../lib/gcc/pic32mx/8.3.1/../../../../pic32mx/lib/fpu64\libpic32.a(default-simple-tlb-refill-exception-handler.o)
 .debug_aranges
                0x00000000000004d8       0x20 c:/program files/microchip/xc32/v4.21/bin/bin/../../lib/gcc/pic32mx/8.3.1/../../../../pic32mx/lib/fpu64\libc-musl.a(puts.o)
 .debug_aranges
                0x00000000000004f8       0x20 c:/program files/microchip/xc32/v4.21/bin/bin/../../lib/gcc/pic32mx/8.3.1/../../../../pic32mx/lib/fpu64\libc-musl.a(fputs.o)
 .debug_aranges
                0x0000000000000518       0x28 c:/program files/microchip/xc32/v4.21/bin/bin/../../lib/gcc/pic32mx/8.3.1/../../../../pic32mx/lib/fpu64\libc-musl.a(fwrite.o)
 .debug_aranges
                0x0000000000000540       0x30 c:/program files/microchip/xc32/v4.21/bin/bin/../../lib/gcc/pic32mx/8.3.1/../../../../pic32mx/lib/fpu64\libc-musl.a(putc.o)
 .debug_aranges
                0x0000000000000570       0x28 c:/program files/microchip/xc32/v4.21/bin/bin/../../lib/gcc/pic32mx/8.3.1/../../../../pic32mx/lib/fpu64\libc-musl.a(stdout.o)
 .debug_aranges
                0x0000000000000598       0x20 c:/program files/microchip/xc32/v4.21/bin/bin/../../lib/gcc/pic32mx/8.3.1/../../../../pic32mx/lib/fpu64\libc-musl.a(strlen.o)
 .debug_aranges
                0x00000000000005b8       0x30 c:/program files/microchip/xc32/v4.21/bin/bin/../../lib/gcc/pic32mx/8.3.1/../../../../pic32mx/lib/fpu64\libc-musl.a(__fopen.o)
 .debug_aranges
                0x00000000000005e8       0x28 c:/program files/microchip/xc32/v4.21/bin/bin/../../lib/gcc/pic32mx/8.3.1/../../../../pic32mx/lib/fpu64\libc-musl.a(__io_init_needed.o)
 .debug_aranges
                0x0000000000000610       0x28 c:/program files/microchip/xc32/v4.21/bin/bin/../../lib/gcc/pic32mx/8.3.1/../../../../pic32mx/lib/fpu64\libc-musl.a(__out.o)
 .debug_aranges
                0x0000000000000638       0x28 c:/program files/microchip/xc32/v4.21/bin/bin/../../lib/gcc/pic32mx/8.3.1/../../../../pic32mx/lib/fpu64\libc-musl.a(__stdio_close.o)
 .debug_aranges
                0x0000000000000660       0x20 c:/program files/microchip/xc32/v4.21/bin/bin/../../lib/gcc/pic32mx/8.3.1/../../../../pic32mx/lib/fpu64\libc-musl.a(memset.o)
 .debug_aranges
                0x0000000000000680       0x70 c:/program files/microchip/xc32/v4.21/bin/bin/../../lib/gcc/pic32mx/8.3.1/../../../../pic32mx/lib/fpu64\libc-musl.a(malloc.o)
 .debug_aranges
                0x00000000000006f0       0x20 c:/program files/microchip/xc32/v4.21/bin/bin/../../lib/gcc/pic32mx/8.3.1/../../../../pic32mx/lib/fpu64\libc-musl.a(expand_heap.o)
 .debug_aranges
                0x0000000000000710       0x28 c:/program files/microchip/xc32/v4.21/bin/bin/../../lib/gcc/pic32mx/8.3.1/../../../../pic32mx/lib/fpu64\libc-musl.a(__init_stdio.o)
 .debug_aranges
                0x0000000000000738       0x20 c:/program files/microchip/xc32/v4.21/bin/bin/../../lib/gcc/pic32mx/8.3.1/../../../../pic32mx/lib/fpu64\libc-musl.a(__io_file_needed.o)
 .debug_aranges
                0x0000000000000758       0x18 c:/program files/microchip/xc32/v4.21/bin/bin/../../lib/gcc/pic32mx/8.3.1/../../../../pic32mx/lib/fpu64\libc-musl.a(libc.o)
 .debug_aranges
                0x0000000000000770       0x20 c:/program files/microchip/xc32/v4.21/bin/bin/../../lib/gcc/pic32mx/8.3.1/fpu64\libgcc.a(_lshrdi3.o)
 .debug_aranges
                0x0000000000000790       0x20 c:/program files/microchip/xc32/v4.21/bin/bin/../../lib/gcc/pic32mx/8.3.1/fpu64\libgcc.a(_ashldi3.o)
 .debug_aranges
                0x00000000000007b0       0x40 c:/program files/microchip/xc32/v4.21/bin/bin/../../lib/gcc/pic32mx/8.3.1/../../../../pic32mx/lib/fpu64\libpic32.a(sbrk.o)
 .debug_aranges
                0x00000000000007f0       0x20 c:/program files/microchip/xc32/v4.21/bin/bin/../../lib/gcc/pic32mx/8.3.1/../../../../pic32mx/lib/fpu64\libpic32.a(write.o)
 .debug_aranges
                0x0000000000000810       0x20 c:/program files/microchip/xc32/v4.21/bin/bin/../../lib/gcc/pic32mx/8.3.1/../../../../pic32mx/lib/fpu64\libpic32.a(lseek.o)
 .debug_aranges
                0x0000000000000830       0x20 c:/program files/microchip/xc32/v4.21/bin/bin/../../lib/gcc/pic32mx/8.3.1/../../../../pic32mx/lib/fpu64\libpic32.a(close.o)

.debug_pubnames
 *(.debug_pubnames)

.debug_info     0x0000000000000000     0xac5f
 *(.debug_info .gnu.linkonce.wi.*)
 .debug_info    0x0000000000000000      0xbcc build/MZ1024_RELEASE/production/_ext/801483606/bootloader.o
 .debug_info    0x0000000000000bcc      0x46e build/MZ1024_RELEASE/production/_ext/801483606/flash_mem.o
 .debug_info    0x000000000000103a      0x3eb build/MZ1024_RELEASE/production/_ext/1537666708/board.o
 .debug_info    0x0000000000001425      0xb6f build/MZ1024_RELEASE/production/_ext/455916380/gpio.o
 .debug_info    0x0000000000001f94      0x641 build/MZ1024_RELEASE/production/_ext/1255152928/nvm.o
 .debug_info    0x00000000000025d5     0x2512 build/MZ1024_RELEASE/production/_ext/401144697/systmr.o
 .debug_info    0x0000000000004ae7     0x1f66 build/MZ1024_RELEASE/production/_ext/1261517080/usart.o
 .debug_info    0x0000000000006a4d       0xd5 build/MZ1024_RELEASE/production/_ext/1509298662/wdt.o
 .debug_info    0x0000000000006b22      0x3aa build/MZ1024_RELEASE/production/_ext/1727528777/device_config.o
 .debug_info    0x0000000000006ecc      0x127 build/MZ1024_RELEASE/production/_ext/700139821/debug.o
 .debug_info    0x0000000000006ff3       0x6b build/MZ1024_RELEASE/production/_ext/73441385/system.o
 .debug_info    0x000000000000705e      0x14d build/MZ1024_RELEASE/production/_ext/73441385/system_init.o
 .debug_info    0x00000000000071ab      0x34d build/MZ1024_RELEASE/production/_ext/73441385/system_time.o
 .debug_info    0x00000000000074f8      0x10f build/MZ1024_RELEASE/production/_ext/1360937237/main.o
 .debug_info    0x0000000000007607       0x41 c:/program files/microchip/xc32/v4.21/bin/bin/../../lib/gcc/pic32mx/8.3.1/../../../../pic32mx/lib/fpu64\libpic32.a(default-bootstrap-exception-handler.o)
 .debug_info    0x0000000000007648       0x3f c:/program files/microchip/xc32/v4.21/bin/bin/../../lib/gcc/pic32mx/8.3.1/../../../../pic32mx/lib/fpu64\libpic32.a(default-on-reset.o)
 .debug_info    0x0000000000007687       0x3f c:/program files/microchip/xc32/v4.21/bin/bin/../../lib/gcc/pic32mx/8.3.1/../../../../pic32mx/lib/fpu64\libpic32.a(default-on-bootstrap.o)
 .debug_info    0x00000000000076c6       0x40 c:/program files/microchip/xc32/v4.21/bin/bin/../../lib/gcc/pic32mx/8.3.1/../../../../pic32mx/lib/fpu64\libpic32.a(defaultinterrupt.o)
 .debug_info    0x0000000000007706       0x41 c:/program files/microchip/xc32/v4.21/bin/bin/../../lib/gcc/pic32mx/8.3.1/../../../../pic32mx/lib/fpu64\libpic32.a(default-general-exception-handler.o)
 .debug_info    0x0000000000007747       0x41 c:/program files/microchip/xc32/v4.21/bin/bin/../../lib/gcc/pic32mx/8.3.1/../../../../pic32mx/lib/fpu64\libpic32.a(default-cache-err-exception-handler.o)
 .debug_info    0x0000000000007788       0x41 c:/program files/microchip/xc32/v4.21/bin/bin/../../lib/gcc/pic32mx/8.3.1/../../../../pic32mx/lib/fpu64\libpic32.a(default-simple-tlb-refill-exception-handler.o)
 .debug_info    0x00000000000077c9      0x3a3 c:/program files/microchip/xc32/v4.21/bin/bin/../../lib/gcc/pic32mx/8.3.1/../../../../pic32mx/lib/fpu64\libc-musl.a(puts.o)
 .debug_info    0x0000000000007b6c      0x3ad c:/program files/microchip/xc32/v4.21/bin/bin/../../lib/gcc/pic32mx/8.3.1/../../../../pic32mx/lib/fpu64\libc-musl.a(fputs.o)
 .debug_info    0x0000000000007f19      0x24c c:/program files/microchip/xc32/v4.21/bin/bin/../../lib/gcc/pic32mx/8.3.1/../../../../pic32mx/lib/fpu64\libc-musl.a(fwrite.o)
 .debug_info    0x0000000000008165      0x217 c:/program files/microchip/xc32/v4.21/bin/bin/../../lib/gcc/pic32mx/8.3.1/../../../../pic32mx/lib/fpu64\libc-musl.a(putc.o)
 .debug_info    0x000000000000837c      0x3c9 c:/program files/microchip/xc32/v4.21/bin/bin/../../lib/gcc/pic32mx/8.3.1/../../../../pic32mx/lib/fpu64\libc-musl.a(stdout.o)
 .debug_info    0x0000000000008745       0xa3 c:/program files/microchip/xc32/v4.21/bin/bin/../../lib/gcc/pic32mx/8.3.1/../../../../pic32mx/lib/fpu64\libc-musl.a(strlen.o)
 .debug_info    0x00000000000087e8      0x2d0 c:/program files/microchip/xc32/v4.21/bin/bin/../../lib/gcc/pic32mx/8.3.1/../../../../pic32mx/lib/fpu64\libc-musl.a(__fopen.o)
 .debug_info    0x0000000000008ab8       0xdf c:/program files/microchip/xc32/v4.21/bin/bin/../../lib/gcc/pic32mx/8.3.1/../../../../pic32mx/lib/fpu64\libc-musl.a(__io_init_needed.o)
 .debug_info    0x0000000000008b97      0x29f c:/program files/microchip/xc32/v4.21/bin/bin/../../lib/gcc/pic32mx/8.3.1/../../../../pic32mx/lib/fpu64\libc-musl.a(__out.o)
 .debug_info    0x0000000000008e36      0x3f6 c:/program files/microchip/xc32/v4.21/bin/bin/../../lib/gcc/pic32mx/8.3.1/../../../../pic32mx/lib/fpu64\libc-musl.a(__stdio_close.o)
 .debug_info    0x000000000000922c       0xba c:/program files/microchip/xc32/v4.21/bin/bin/../../lib/gcc/pic32mx/8.3.1/../../../../pic32mx/lib/fpu64\libc-musl.a(memset.o)
 .debug_info    0x00000000000092e6      0xfed c:/program files/microchip/xc32/v4.21/bin/bin/../../lib/gcc/pic32mx/8.3.1/../../../../pic32mx/lib/fpu64\libc-musl.a(malloc.o)
 .debug_info    0x000000000000a2d3      0x105 c:/program files/microchip/xc32/v4.21/bin/bin/../../lib/gcc/pic32mx/8.3.1/../../../../pic32mx/lib/fpu64\libc-musl.a(expand_heap.o)
 .debug_info    0x000000000000a3d8       0xb9 c:/program files/microchip/xc32/v4.21/bin/bin/../../lib/gcc/pic32mx/8.3.1/../../../../pic32mx/lib/fpu64\libc-musl.a(__init_stdio.o)
 .debug_info    0x000000000000a491       0xaf c:/program files/microchip/xc32/v4.21/bin/bin/../../lib/gcc/pic32mx/8.3.1/../../../../pic32mx/lib/fpu64\libc-musl.a(__io_file_needed.o)
 .debug_info    0x000000000000a540      0x276 c:/program files/microchip/xc32/v4.21/bin/bin/../../lib/gcc/pic32mx/8.3.1/../../../../pic32mx/lib/fpu64\libc-musl.a(libc.o)
 .debug_info    0x000000000000a7b6      0x1aa c:/program files/microchip/xc32/v4.21/bin/bin/../../lib/gcc/pic32mx/8.3.1/fpu64\libgcc.a(_lshrdi3.o)
 .debug_info    0x000000000000a960      0x1aa c:/program files/microchip/xc32/v4.21/bin/bin/../../lib/gcc/pic32mx/8.3.1/fpu64\libgcc.a(_ashldi3.o)
 .debug_info    0x000000000000ab0a       0x97 c:/program files/microchip/xc32/v4.21/bin/bin/../../lib/gcc/pic32mx/8.3.1/../../../../pic32mx/lib/fpu64\libpic32.a(sbrk.o)